NAME	Cirth 2001 CSUR
ALIAS	Cirth 2001 BMP
ALIAS	Cirth CSUR 2001
ALIAS	Cirth BMP 2001
COMMENT	The Cirth script is encoded in the Private Use Area of the BMP (code points U+E080-U+E0FF) using the 2001 proposal.
E080	CIRTH_P
E081	CIRTH_B
E082	CIRTH_F
E083	CIRTH_V
E084	CIRTH_HW
E085	CIRTH_M
E086	CIRTH_MB
E087	CIRTH_T
E088	CIRTH_D
E089	CIRTH_TH
E08A	CIRTH_DH
E08B	CIRTH_N
E08C	CIRTH_CH
E08D	CIRTH_J
E08E	CIRTH_SH
E08F	CIRTH_ZH
E090	CIRTH_NJ
E091	CIRTH_K
E092	CIRTH_G
E093	CIRTH_KH
E094	CIRTH_GH
E095	CIRTH_ENG
E096	CIRTH_KW
E097	CIRTH_GW
E098	CIRTH_KHW
E099	CIRTH_GHW
E09A	CIRTH_NGW
E09B	CIRTH_NW
E09C	CIRTH_R
E09D	CIRTH_RH
E09E	CIRTH_L
E09F	CIRTH_LH
E0A0	CIRTH_NG
E0A1	CIRTH_S
E0A2	CIRTH_KHUZDUL_GLOTTAL_STOP
E0A3	CIRTH_Z
E0A4	CIRTH_KHUZDUL_NG
E0A5	CIRTH_ND
E0A6	CIRTH_EI
E0A7	CIRTH_I
E0A8	CIRTH_KHUZDUL_Y
E0A9	CIRTH_KHUZDUL_HY
E0AA	CIRTH_U
E0AB	CIRTH_UU
E0AC	CIRTH_W
E0AD	CIRTH_UE
E0AE	CIRTH_UI
E0AF	CIRTH_E
E0B0	CIRTH_EE
E0B1	CIRTH_A
E0B2	CIRTH_AA
E0B3	CIRTH_O
E0B4	CIRTH_OO
E0B5	CIRTH_VARIANT_OO
E0B6	CIRTH_OE
E0B7	CIRTH_VARIANT_OE
E0B8	CIRTH_KHUZDUL_N
E0B9	CIRTH_H
E0BA	CIRTH_KHUZDUL_REVERSED_SCHWA
E0BB	CIRTH_SHORT_REVERSED_SCHWA
E0BC	CIRTH_KHUZDUL_SCHWA
E0BD	CIRTH_SHORT_SCHWA
E0BE	CIRTH_KHUZDUL_PS
E0BF	CIRTH_KHUZDUL_TS
E0C0	CIRTH_MODIFIER_H
E0C1	CIRTH_AMPERSAND
E0C2	CIRTH_SP
E0C3	CIRTH_SB
E0C4	CIRTH_SC
E0C5	CIRTH_SG
E0C6	CIRTH_NDZH
E0C7	CIRTH_DORIATHRIN_KW
E0C8	CIRTH_DORIATHRIN_GW
E0C9	CIRTH_DORIATHRIN_KHW
E0CA	CIRTH_DORIATHRIN_GHW
E0CB	CIRTH_DORIATHRIN_L
E0CC	CIRTH_ENGLISH_ND
E0CD	CIRTH_DORIATHRIN_Z
E0CE	CIRTH_LL
E0CF	CIRTH_IU
E0D0	CIRTH_AI
E0D1	CIRTH_AU
E0D2	CIRTH_AY
E0D3	CIRTH_AE
E0D4	CIRTH_EA
E0D5	CIRTH_EW
E0D6	CIRTH_NOLDORIN_O
E0D7	CIRTH_VARIANT_NOLDORIN_O
E0D8	CIRTH_NOLDORIN_OO
E0D9	CIRTH_IO
E0DA	CIRTH_EU
E0DB	CIRTH_OU
E0DC	CIRTH_NOLDORIN_OE_1
E0DD	CIRTH_DORIATHRIN_O
E0DE	CIRTH_THE
E0DF	CIRTH_NOLDORIN_L
E0E0	CIRTH_OF
E0E1	CIRTH_Y
E0E2	CIRTH_VARIANT_Y
E0E3	CIRTH_IS
E0E4	CIRTH_YY
E0E5	CIRTH_NOLDORIN_OE_2
E0E6	CIRTH_NOLDORIN_OOE
E0E7	CIRTH_SINGLE_DOT
E0E8	CIRTH_DOUBLE_DOT
E0E9	CIRTH_TRIPLE_DOT
E0EA	CIRTH_SOEOT
E0EB	CIRTH_DOUBLE_EM_DASH
E0EC
E0ED
E0EE
E0EF
E0F0
E0F1
E0F2
E0F3
E0F4
E0F5
E0F6
E0F7
E0F8
E0F9
E0FA
E0FB
E0FC
E0FD
E0FE
E0FF
