NAME	Deseret UCS
ALIAS	Deseret Unicode
ALIAS	Deseret SMP
COMMENT	The Deseret script is encoded in the Deseret block of the SMP (code points U+10400-U+1044F).
10400	DESERET_CAPITAL_LETTER_LONG_I
10401	DESERET_CAPITAL_LETTER_LONG_E
10402	DESERET_CAPITAL_LETTER_LONG_A
10403	DESERET_CAPITAL_LETTER_LONG_AH
10404	DESERET_CAPITAL_LETTER_LONG_O
10405	DESERET_CAPITAL_LETTER_LONG_OO
10406	DESERET_CAPITAL_LETTER_SHORT_I
10407	DESERET_CAPITAL_LETTER_SHORT_E
10408	DESERET_CAPITAL_LETTER_SHORT_A
10409	DESERET_CAPITAL_LETTER_SHORT_AH
1040A	DESERET_CAPITAL_LETTER_SHORT_O
1040B	DESERET_CAPITAL_LETTER_SHORT_OO
1040C	DESERET_CAPITAL_LETTER_AY
1040D	DESERET_CAPITAL_LETTER_OW
1040E	DESERET_CAPITAL_LETTER_WU
1040F	DESERET_CAPITAL_LETTER_YEE
10410	DESERET_CAPITAL_LETTER_H
10411	DESERET_CAPITAL_LETTER_PEE
10412	DESERET_CAPITAL_LETTER_BEE
10413	DESERET_CAPITAL_LETTER_TEE
10414	DESERET_CAPITAL_LETTER_DEE
10415	DESERET_CAPITAL_LETTER_CHEE
10416	DESERET_CAPITAL_LETTER_JEE
10417	DESERET_CAPITAL_LETTER_KAY
10418	DESERET_CAPITAL_LETTER_GAY
10419	DESERET_CAPITAL_LETTER_EF
1041A	DESERET_CAPITAL_LETTER_VEE
1041B	DESERET_CAPITAL_LETTER_ETH
1041C	DESERET_CAPITAL_LETTER_THEE
1041D	DESERET_CAPITAL_LETTER_ES
1041E	DESERET_CAPITAL_LETTER_ZEE
1041F	DESERET_CAPITAL_LETTER_ESH
10420	DESERET_CAPITAL_LETTER_ZHEE
10421	DESERET_CAPITAL_LETTER_ER
10422	DESERET_CAPITAL_LETTER_EL
10423	DESERET_CAPITAL_LETTER_EM
10424	DESERET_CAPITAL_LETTER_EN
10425	DESERET_CAPITAL_LETTER_ENG
10426	DESERET_CAPITAL_LETTER_OI
10427	DESERET_CAPITAL_LETTER_EW
10428	DESERET_SMALL_LETTER_LONG_I
10429	DESERET_SMALL_LETTER_LONG_E
1042A	DESERET_SMALL_LETTER_LONG_A
1042B	DESERET_SMALL_LETTER_LONG_AH
1042C	DESERET_SMALL_LETTER_LONG_O
1042D	DESERET_SMALL_LETTER_LONG_OO
1042E	DESERET_SMALL_LETTER_SHORT_I
1042F	DESERET_SMALL_LETTER_SHORT_E
10430	DESERET_SMALL_LETTER_SHORT_A
10431	DESERET_SMALL_LETTER_SHORT_AH
10432	DESERET_SMALL_LETTER_SHORT_O
10433	DESERET_SMALL_LETTER_SHORT_OO
10434	DESERET_SMALL_LETTER_AY
10435	DESERET_SMALL_LETTER_OW
10436	DESERET_SMALL_LETTER_WU
10437	DESERET_SMALL_LETTER_YEE
10438	DESERET_SMALL_LETTER_H
10439	DESERET_SMALL_LETTER_PEE
1043A	DESERET_SMALL_LETTER_BEE
1043B	DESERET_SMALL_LETTER_TEE
1043C	DESERET_SMALL_LETTER_DEE
1043D	DESERET_SMALL_LETTER_CHEE
1043E	DESERET_SMALL_LETTER_JEE
1043F	DESERET_SMALL_LETTER_KAY
10440	DESERET_SMALL_LETTER_GAY
10441	DESERET_SMALL_LETTER_EF
10442	DESERET_SMALL_LETTER_VEE
10443	DESERET_SMALL_LETTER_ETH
10444	DESERET_SMALL_LETTER_THEE
10445	DESERET_SMALL_LETTER_ES
10446	DESERET_SMALL_LETTER_ZEE
10447	DESERET_SMALL_LETTER_ESH
10448	DESERET_SMALL_LETTER_ZHEE
10449	DESERET_SMALL_LETTER_ER
1044A	DESERET_SMALL_LETTER_EL
1044B	DESERET_SMALL_LETTER_EM
1044C	DESERET_SMALL_LETTER_EN
1044D	DESERET_SMALL_LETTER_ENG
1044E	DESERET_SMALL_LETTER_OI
1044F	DESERET_SMALL_LETTER_EW
