NAME	Deseret CSUR
ALIAS	Deseret BMP
COMMENT	The Deseret script is encoded in the Private Use Area of the BMP (code points U+E830-U+E88F).
E830	DESERET_CAPITAL_LETTER_LONG_I
E831	DESERET_CAPITAL_LETTER_LONG_E
E832	DESERET_CAPITAL_LETTER_LONG_A
E833	DESERET_CAPITAL_LETTER_LONG_AH
E834	DESERET_CAPITAL_LETTER_LONG_O
E835	DESERET_CAPITAL_LETTER_LONG_OO
E836	DESERET_CAPITAL_LETTER_SHORT_I
E837	DESERET_CAPITAL_LETTER_SHORT_E
E838	DESERET_CAPITAL_LETTER_SHORT_A
E839	DESERET_CAPITAL_LETTER_SHORT_AH
E83A	DESERET_CAPITAL_LETTER_SHORT_O
E83B	DESERET_CAPITAL_LETTER_SHORT_OO
E83C	DESERET_CAPITAL_LETTER_AY
E83D	DESERET_CAPITAL_LETTER_OW
E83E	DESERET_CAPITAL_LETTER_WU
E83F	DESERET_CAPITAL_LETTER_YEE
E840	DESERET_CAPITAL_LETTER_H
E841	DESERET_CAPITAL_LETTER_PEE
E842	DESERET_CAPITAL_LETTER_BEE
E843	DESERET_CAPITAL_LETTER_TEE
E844	DESERET_CAPITAL_LETTER_DEE
E845	DESERET_CAPITAL_LETTER_CHEE
E846	DESERET_CAPITAL_LETTER_JEE
E847	DESERET_CAPITAL_LETTER_KAY
E848	DESERET_CAPITAL_LETTER_GAY
E849	DESERET_CAPITAL_LETTER_EF
E84A	DESERET_CAPITAL_LETTER_VEE
E84B	DESERET_CAPITAL_LETTER_ETH
E84C	DESERET_CAPITAL_LETTER_THEE
E84D	DESERET_CAPITAL_LETTER_ES
E84E	DESERET_CAPITAL_LETTER_ZEE
E84F	DESERET_CAPITAL_LETTER_ESH
E850	DESERET_CAPITAL_LETTER_ZHEE
E851	DESERET_CAPITAL_LETTER_ER
E852	DESERET_CAPITAL_LETTER_EL
E853	DESERET_CAPITAL_LETTER_EM
E854	DESERET_CAPITAL_LETTER_EN
E855	DESERET_CAPITAL_LETTER_ENG
E856	DESERET_CAPITAL_LETTER_OI
E857	DESERET_CAPITAL_LETTER_EW
E858
E859
E85A
E85B
E85C
E85D
E85E
E85F
E860	DESERET_SMALL_LETTER_LONG_I
E861	DESERET_SMALL_LETTER_LONG_E
E862	DESERET_SMALL_LETTER_LONG_A
E863	DESERET_SMALL_LETTER_LONG_AH
E864	DESERET_SMALL_LETTER_LONG_O
E865	DESERET_SMALL_LETTER_LONG_OO
E866	DESERET_SMALL_LETTER_SHORT_I
E867	DESERET_SMALL_LETTER_SHORT_E
E868	DESERET_SMALL_LETTER_SHORT_A
E869	DESERET_SMALL_LETTER_SHORT_AH
E86A	DESERET_SMALL_LETTER_SHORT_O
E86B	DESERET_SMALL_LETTER_SHORT_OO
E86C	DESERET_SMALL_LETTER_AY
E86D	DESERET_SMALL_LETTER_OW
E86E	DESERET_SMALL_LETTER_WU
E86F	DESERET_SMALL_LETTER_YEE
E870	DESERET_SMALL_LETTER_H
E871	DESERET_SMALL_LETTER_PEE
E872	DESERET_SMALL_LETTER_BEE
E873	DESERET_SMALL_LETTER_TEE
E874	DESERET_SMALL_LETTER_DEE
E875	DESERET_SMALL_LETTER_CHEE
E876	DESERET_SMALL_LETTER_JEE
E877	DESERET_SMALL_LETTER_KAY
E878	DESERET_SMALL_LETTER_GAY
E879	DESERET_SMALL_LETTER_EF
E87A	DESERET_SMALL_LETTER_VEE
E87B	DESERET_SMALL_LETTER_ETH
E87C	DESERET_SMALL_LETTER_THEE
E87D	DESERET_SMALL_LETTER_ES
E87E	DESERET_SMALL_LETTER_ZEE
E87F	DESERET_SMALL_LETTER_ESH
E880	DESERET_SMALL_LETTER_ZHEE
E881	DESERET_SMALL_LETTER_ER
E882	DESERET_SMALL_LETTER_EL
E883	DESERET_SMALL_LETTER_EM
E884	DESERET_SMALL_LETTER_EN
E885	DESERET_SMALL_LETTER_ENG
E886	DESERET_SMALL_LETTER_OI
E887	DESERET_SMALL_LETTER_EW
E888
E889
E88A
E88B
E88C
E88D
E88E
E88F
