NAME	D'ni 27
COMMENT	The D'ni script is encoded at code points U+E830-U+E88F using the revised encoding accepted into the UCSUR on October 27, 2013.
E830	DNI_LETTER_V
E831	DNI_LETTER_B
E832	DNI_LETTER_T
E833	DNI_LETTER_S
E834	DNI_LETTER_SH
E835	DNI_LETTER_J
E836	DNI_LETTER_G
E837	DNI_LETTER_Y
E838	DNI_LETTER_K
E839	DNI_LETTER_KH
E83A	DNI_LETTER_AH
E83B	DNI_LETTER_I
E83C	DNI_LETTER_F
E83D	DNI_LETTER_P
E83E	DNI_LETTER_IH
E83F	DNI_LETTER_EE
E840	DNI_LETTER_EH
E841	DNI_LETTER_AY
E842	DNI_LETTER_R
E843	DNI_LETTER_M
E844	DNI_LETTER_TH
E845	DNI_LETTER_DH
E846	DNI_LETTER_D
E847	DNI_LETTER_H
E848	DNI_LETTER_O
E849	DNI_LETTER_OY
E84A	DNI_LETTER_CH
E84B	DNI_LETTER_W
E84C	DNI_LETTER_U
E84D	DNI_LETTER_OO
E84E	DNI_LETTER_TS
E84F	DNI_LETTER_L
E850	DNI_LETTER_A
E851	DNI_LETTER_Z
E852	DNI_LETTER_N
E853
E854
E855
E856
E857	DNI_APOSTROPHE
E858	DNI_FULL_STOP
E859	DNI_HYPHEN
E85A
E85B
E85C
E85D
E85E
E85F
E860	DNI_NUMBER_ZERO
E861	DNI_NUMBER_ONE
E862	DNI_NUMBER_TWO
E863	DNI_NUMBER_THREE
E864	DNI_NUMBER_FOUR
E865	DNI_NUMBER_FIVE
E866	DNI_NUMBER_SIX
E867	DNI_NUMBER_SEVEN
E868	DNI_NUMBER_EIGHT
E869	DNI_NUMBER_NINE
E86A	DNI_NUMBER_TEN
E86B	DNI_NUMBER_ELEVEN
E86C	DNI_NUMBER_TWELVE
E86D	DNI_NUMBER_THIRTEEN
E86E	DNI_NUMBER_FOURTEEN
E86F	DNI_NUMBER_FIFTEEN
E870	DNI_NUMBER_SIXTEEN
E871	DNI_NUMBER_SEVENTEEN
E872	DNI_NUMBER_EIGHTEEN
E873	DNI_NUMBER_NINETEEN
E874	DNI_NUMBER_TWENTY
E875	DNI_NUMBER_TWENTYONE
E876	DNI_NUMBER_TWENTYTWO
E877	DNI_NUMBER_TWENTYTHREE
E878	DNI_NUMBER_TWENTYFOUR
E879	DNI_NUMBER_TWENTYFIVE
E87A
E87B
E87C	DNI_NUMBER_CYCLIC_ZERO
E87D	DNI_SYMBOL_INFINITY
E87E
E87F
E880	DNI_SYMBOL_RED
E881	DNI_SYMBOL_ORANGE
E882	DNI_SYMBOL_YELLOW
E883	DNI_SYMBOL_GREEN
E884	DNI_SYMBOL_BLUE
E885	DNI_SYMBOL_MAGENTA
E886
E887
E888	DNI_LETTER_ALTERNATIVE_L
E889	DNI_LETTER_ALTERNATIVE_Z
E88A
E88B
E88C
E88D
E88E
E88F
