NAME	D'ni Script LM
COMMENT	The D'ni script is encoded using Latin characters according to the New Transcription Standard by Josef Riedl and Kamza Madfuun.
MAP	"v"	DNI_LETTER_V
MAP	"b"	DNI_LETTER_B
MAP	"t"	DNI_LETTER_T
MAP	"s"	DNI_LETTER_S
MAP	"š"	DNI_LETTER_SH
MAP	"j"	DNI_LETTER_J
MAP	"g"	DNI_LETTER_G
MAP	"y"	DNI_LETTER_Y
MAP	"x"	DNI_LETTER_K
MAP	"k"	DNI_LETTER_KH
MAP	"a"	DNI_LETTER_AH
MAP	"á"	DNI_LETTER_I
MAP	"f"	DNI_LETTER_F
MAP	"p"	DNI_LETTER_P
MAP	"i"	DNI_LETTER_IH
MAP	"í"	DNI_LETTER_EE
MAP	"e"	DNI_LETTER_EH
MAP	"é"	DNI_LETTER_AY
MAP	"r"	DNI_LETTER_R
MAP	"m"	DNI_LETTER_M
MAP	"þ"	DNI_LETTER_TH
MAP	"ð"	DNI_LETTER_DH
MAP	"d"	DNI_LETTER_D
MAP	"h"	DNI_LETTER_H
MAP	"o"	DNI_LETTER_O
MAP	"ó"	DNI_LETTER_OY
MAP	"ç"	DNI_LETTER_CH
MAP	"w"	DNI_LETTER_W
MAP	"u"	DNI_LETTER_U
MAP	"ú"	DNI_LETTER_OO
MAP	"c"	DNI_LETTER_TS
MAP	"l"	DNI_LETTER_L
MAP	"†"	DNI_LETTER_ALTERNATIVE_L
MAP	"æ"	DNI_LETTER_A
MAP	"z"	DNI_LETTER_Z
MAP	"‡"	DNI_LETTER_ALTERNATIVE_Z
MAP	"n"	DNI_LETTER_N
MAP	"0"	DNI_NUMBER_ZERO
MAP	"1"	DNI_NUMBER_ONE
MAP	"2"	DNI_NUMBER_TWO
MAP	"3"	DNI_NUMBER_THREE
MAP	"4"	DNI_NUMBER_FOUR
MAP	"5"	DNI_NUMBER_FIVE
MAP	"6"	DNI_NUMBER_SIX
MAP	"7"	DNI_NUMBER_SEVEN
MAP	"8"	DNI_NUMBER_EIGHT
MAP	"9"	DNI_NUMBER_NINE
MAP	")"	DNI_NUMBER_TEN
MAP	"!"	DNI_NUMBER_ELEVEN
MAP	"@"	DNI_NUMBER_TWELVE
MAP	"#"	DNI_NUMBER_THIRTEEN
MAP	"$"	DNI_NUMBER_FOURTEEN
MAP	"%"	DNI_NUMBER_FIFTEEN
MAP	"^"	DNI_NUMBER_SIXTEEN
MAP	"&"	DNI_NUMBER_SEVENTEEN
MAP	"*"	DNI_NUMBER_EIGHTEEN
MAP	"("	DNI_NUMBER_NINETEEN
MAP	"["	DNI_NUMBER_TWENTY
MAP	"]"	DNI_NUMBER_TWENTYONE
MAP	"\"	DNI_NUMBER_TWENTYTWO
MAP	"{"	DNI_NUMBER_TWENTYTHREE
MAP	"}"	DNI_NUMBER_TWENTYFOUR
MAP	"|"	DNI_NUMBER_TWENTYFIVE
MAP	"'"	DNI_APOSTROPHE
MAP	"."	DNI_FULL_STOP
MAP	"-"	DNI_HYPHEN
MAP	"="	DNI_NUMBER_CYCLIC_ZERO
MAP	"+"	DNI_SYMBOL_INFINITY
MAP	"ä"	DNI_SYMBOL_RED
MAP	"Ä"	DNI_SYMBOL_ORANGE
MAP	"ö"	DNI_SYMBOL_YELLOW
MAP	"Ö"	DNI_SYMBOL_GREEN
MAP	"ü"	DNI_SYMBOL_BLUE
MAP	"Ü"	DNI_SYMBOL_MAGENTA
MAP	"V"	DNI_LETTER_V
MAP	"B"	DNI_LETTER_B
MAP	"T"	DNI_LETTER_T
MAP	"S"	DNI_LETTER_S
MAP	"Š"	DNI_LETTER_SH
MAP	"J"	DNI_LETTER_J
MAP	"G"	DNI_LETTER_G
MAP	"Y"	DNI_LETTER_Y
MAP	"X"	DNI_LETTER_K
MAP	"K"	DNI_LETTER_KH
MAP	"A"	DNI_LETTER_AH
MAP	"Á"	DNI_LETTER_I
MAP	"F"	DNI_LETTER_F
MAP	"P"	DNI_LETTER_P
MAP	"I"	DNI_LETTER_IH
MAP	"Í"	DNI_LETTER_EE
MAP	"E"	DNI_LETTER_EH
MAP	"É"	DNI_LETTER_AY
MAP	"R"	DNI_LETTER_R
MAP	"M"	DNI_LETTER_M
MAP	"Þ"	DNI_LETTER_TH
MAP	"Ð"	DNI_LETTER_DH
MAP	"D"	DNI_LETTER_D
MAP	"H"	DNI_LETTER_H
MAP	"O"	DNI_LETTER_O
MAP	"Ó"	DNI_LETTER_OY
MAP	"Ç"	DNI_LETTER_CH
MAP	"W"	DNI_LETTER_W
MAP	"U"	DNI_LETTER_U
MAP	"Ú"	DNI_LETTER_OO
MAP	"C"	DNI_LETTER_TS
MAP	"L"	DNI_LETTER_L
MAP	"Æ"	DNI_LETTER_A
MAP	"Z"	DNI_LETTER_Z
MAP	"N"	DNI_LETTER_N
MAP	"à"	DNI_LETTER_I
MAP	"â"	DNI_LETTER_I
MAP	"ì"	DNI_LETTER_EE
MAP	"î"	DNI_LETTER_EE
MAP	"è"	DNI_LETTER_AY
MAP	"ê"	DNI_LETTER_AY
MAP	"ò"	DNI_LETTER_OY
MAP	"ô"	DNI_LETTER_OY
MAP	"ù"	DNI_LETTER_OO
MAP	"û"	DNI_LETTER_OO
MAP	"À"	DNI_LETTER_I
MAP	"Â"	DNI_LETTER_I
MAP	"Ì"	DNI_LETTER_EE
MAP	"Î"	DNI_LETTER_EE
MAP	"È"	DNI_LETTER_AY
MAP	"Ê"	DNI_LETTER_AY
MAP	"Ò"	DNI_LETTER_OY
MAP	"Ô"	DNI_LETTER_OY
MAP	"Ù"	DNI_LETTER_OO
MAP	"Û"	DNI_LETTER_OO
MAP	":"	DNI_NUMBER_ZERO
MAP	"£"	DNI_NUMBER_FOURTEEN
MAP	";"	DNI_NUMBER_TWENTYFIVE
MAP	"~"	DNI_HYPHEN
