NAME	D'ni 24
COMMENT	The D'ni script is encoded at code points U+E830-U+E88F using the original encoding proposed by Cesare Polano on October 24, 2013.
E830	DNI_LETTER_V
E831	DNI_LETTER_B
E832	DNI_LETTER_T
E833	DNI_LETTER_S
E834	DNI_LETTER_SH
E835	DNI_LETTER_J
E836	DNI_LETTER_G
E837	DNI_LETTER_Y
E838	DNI_LETTER_K
E839	DNI_LETTER_KH
E83A	DNI_LETTER_AH
E83B	DNI_LETTER_I
E83C	DNI_LETTER_F
E83D	DNI_LETTER_P
E83E	DNI_LETTER_IH
E83F	DNI_LETTER_EE
E840	DNI_LETTER_EH
E841	DNI_LETTER_AY
E842	DNI_LETTER_R
E843	DNI_LETTER_M
E844	DNI_LETTER_TH
E845	DNI_LETTER_DH
E846	DNI_LETTER_D
E847	DNI_LETTER_H
E848	DNI_LETTER_O
E849	DNI_LETTER_OY
E84A	DNI_LETTER_CH
E84B	DNI_LETTER_W
E84C	DNI_LETTER_U
E84D	DNI_LETTER_OO
E84E	DNI_LETTER_TS
E84F	DNI_LETTER_L
E850	DNI_LETTER_A
E851	DNI_LETTER_Z
E852	DNI_LETTER_N
E853	DNI_NUMBER_ZERO
E854	DNI_NUMBER_ONE
E855	DNI_NUMBER_TWO
E856	DNI_NUMBER_THREE
E857	DNI_NUMBER_FOUR
E858	DNI_NUMBER_FIVE
E859	DNI_NUMBER_SIX
E85A	DNI_NUMBER_SEVEN
E85B	DNI_NUMBER_EIGHT
E85C	DNI_NUMBER_NINE
E85D	DNI_NUMBER_TEN
E85E	DNI_NUMBER_ELEVEN
E85F	DNI_NUMBER_TWELVE
E860	DNI_NUMBER_THIRTEEN
E861	DNI_NUMBER_FOURTEEN
E862	DNI_NUMBER_FIFTEEN
E863	DNI_NUMBER_SIXTEEN
E864	DNI_NUMBER_SEVENTEEN
E865	DNI_NUMBER_EIGHTEEN
E866	DNI_NUMBER_NINETEEN
E867	DNI_NUMBER_TWENTY
E868	DNI_NUMBER_TWENTYONE
E869	DNI_NUMBER_TWENTYTWO
E86A	DNI_NUMBER_TWENTYTHREE
E86B	DNI_NUMBER_TWENTYFOUR
E86C	DNI_NUMBER_TWENTYFIVE
E86D	DNI_APOSTROPHE
E86E	DNI_FULL_STOP
E86F	DNI_HYPHEN
E870	DNI_NUMBER_CYCLIC_ZERO
E871	DNI_SYMBOL_INFINITY
E872	DNI_SYMBOL_RED
E873	DNI_SYMBOL_ORANGE
E874	DNI_SYMBOL_YELLOW
E875	DNI_SYMBOL_GREEN
E876	DNI_SYMBOL_BLUE
E877	DNI_SYMBOL_MAGENTA
E878	DNI_LETTER_ALTERNATIVE_L
E879	DNI_LETTER_ALTERNATIVE_Z
E87A
E87B
E87C
E87D
E87E
E87F
E880
E881
E882
E883
E884
E885
E886
E887
E888
E889
E88A
E88B
E88C
E88D
E88E
E88F
