NAME	Glaitha-A Romanized
COMMENT	The Glaitha-A script is encoded using equivalent Latin characters.
MAP	0020	GLAITHA_A_SPACE
MAP	002E	GLAITHA_A_FULL_STOP
MAP	002C	GLAITHA_A_COMMA
MAP	003A	GLAITHA_A_COLON
MAP	003B	GLAITHA_A_SEMICOLON
MAP	0021	GLAITHA_A_EXCLAMATION_MARK
MAP	003F	GLAITHA_A_QUESTION_MARK
MAP	203D	GLAITHA_A_INTERROBANG
MAP	0030	GLAITHA_A_DIGIT_ZERO
MAP	0031	GLAITHA_A_DIGIT_ONE
MAP	0032	GLAITHA_A_DIGIT_TWO
MAP	0033	GLAITHA_A_DIGIT_THREE
MAP	0034	GLAITHA_A_DIGIT_FOUR
MAP	0035	GLAITHA_A_DIGIT_FIVE
MAP	0036	GLAITHA_A_DIGIT_SIX
MAP	0037	GLAITHA_A_DIGIT_SEVEN
MAP	0038	GLAITHA_A_DIGIT_EIGHT
MAP	0039	GLAITHA_A_DIGIT_NINE
MAP	2169	GLAITHA_A_NUMBER_TEN
MAP	0190	GLAITHA_A_NUMBER_ELEVEN
MAP	0394	GLAITHA_A_NUMBER_TWELVE
MAP	0166	GLAITHA_A_NUMBER_THIRTEEN
MAP	019F	GLAITHA_A_NUMBER_FOURTEEN
MAP	03A0	GLAITHA_A_NUMBER_FIFTEEN
MAP	0041	GLAITHA_A_CAPITAL_LETTER_ALLYSSA
MAP	00C5	GLAITHA_A_CAPITAL_LETTER_AURA
MAP	0041 030A	GLAITHA_A_CAPITAL_LETTER_AURA
MAP	0042	GLAITHA_A_CAPITAL_LETTER_BETHA
MAP	0043	GLAITHA_A_CAPITAL_LETTER_CASTA
MAP	010C	GLAITHA_A_CAPITAL_LETTER_CHELLA
MAP	0043 030C	GLAITHA_A_CAPITAL_LETTER_CHELLA
MAP	0044	GLAITHA_A_CAPITAL_LETTER_DANELLA
MAP	0045	GLAITHA_A_CAPITAL_LETTER_ELLA
MAP	0046	GLAITHA_A_CAPITAL_LETTER_FAYA
MAP	0047	GLAITHA_A_CAPITAL_LETTER_GEMMA
MAP	0048	GLAITHA_A_CAPITAL_LETTER_HALLA
MAP	0049	GLAITHA_A_CAPITAL_LETTER_IRMA
MAP	004A	GLAITHA_A_CAPITAL_LETTER_JENNA
MAP	004B	GLAITHA_A_CAPITAL_LETTER_KASSIA
MAP	004B 0303	GLAITHA_A_CAPITAL_LETTER_KYANA
MAP	F700	GLAITHA_A_CAPITAL_LETTER_KYANA
MAP	004C	GLAITHA_A_CAPITAL_LETTER_LIORA
MAP	004C 0303	GLAITHA_A_CAPITAL_LETTER_LYANA
MAP	F702	GLAITHA_A_CAPITAL_LETTER_LYANA
MAP	004D	GLAITHA_A_CAPITAL_LETTER_MIA
MAP	004D 0303	GLAITHA_A_CAPITAL_LETTER_MYANA
MAP	F704	GLAITHA_A_CAPITAL_LETTER_MYANA
MAP	004E	GLAITHA_A_CAPITAL_LETTER_NORRA
MAP	00D1	GLAITHA_A_CAPITAL_LETTER_NYANA
MAP	004E 0303	GLAITHA_A_CAPITAL_LETTER_NYANA
MAP	004F	GLAITHA_A_CAPITAL_LETTER_OLIVA
MAP	0050	GLAITHA_A_CAPITAL_LETTER_PADMA
MAP	0051	GLAITHA_A_CAPITAL_LETTER_QUENTINA
MAP	0052	GLAITHA_A_CAPITAL_LETTER_RASHELLA
MAP	0053	GLAITHA_A_CAPITAL_LETTER_SELLA
MAP	0160	GLAITHA_A_CAPITAL_LETTER_SHELLA
MAP	0053 030C	GLAITHA_A_CAPITAL_LETTER_SHELLA
MAP	0054	GLAITHA_A_CAPITAL_LETTER_TEMMA
MAP	0164	GLAITHA_A_CAPITAL_LETTER_THALIA
MAP	0054 030C	GLAITHA_A_CAPITAL_LETTER_THALIA
MAP	0055	GLAITHA_A_CAPITAL_LETTER_UNISHA
MAP	0056	GLAITHA_A_CAPITAL_LETTER_VERMA
MAP	0057	GLAITHA_A_CAPITAL_LETTER_WITNA
MAP	0058	GLAITHA_A_CAPITAL_LETTER_XETTA
MAP	0059	GLAITHA_A_CAPITAL_LETTER_YOLANA
MAP	005A	GLAITHA_A_CAPITAL_LETTER_ZEFFA
MAP	014A	GLAITHA_A_CAPITAL_LETTER_INGA
MAP	01A2	GLAITHA_A_CAPITAL_LETTER_OYNA
MAP	010E	GLAITHA_A_CAPITAL_LETTER_DHAMMA
MAP	0044 030C	GLAITHA_A_CAPITAL_LETTER_DHAMMA
MAP	01E8	GLAITHA_A_CAPITAL_LETTER_KHALKA
MAP	004B 030C	GLAITHA_A_CAPITAL_LETTER_KHALKA
MAP	0158	GLAITHA_A_CAPITAL_LETTER_RHIENNA
MAP	0052 030C	GLAITHA_A_CAPITAL_LETTER_RHIENNA
MAP	017D	GLAITHA_A_CAPITAL_LETTER_ZHALIA
MAP	005A 030C	GLAITHA_A_CAPITAL_LETTER_ZHALIA
MAP	00C4	GLAITHA_A_CAPITAL_LETTER_ALLYSSA_WITH_DIAERESIS
MAP	0041 0308	GLAITHA_A_CAPITAL_LETTER_ALLYSSA_WITH_DIAERESIS
MAP	00C5 0308	GLAITHA_A_CAPITAL_LETTER_AURA_WITH_DIAERESIS
MAP	00C4 030A	GLAITHA_A_CAPITAL_LETTER_AURA_WITH_DIAERESIS
MAP	0041 0308 030A	GLAITHA_A_CAPITAL_LETTER_AURA_WITH_DIAERESIS
MAP	0041 030A 0308	GLAITHA_A_CAPITAL_LETTER_AURA_WITH_DIAERESIS
MAP	00CB	GLAITHA_A_CAPITAL_LETTER_ELLA_WITH_DIAERESIS
MAP	0045 0308	GLAITHA_A_CAPITAL_LETTER_ELLA_WITH_DIAERESIS
MAP	00CF	GLAITHA_A_CAPITAL_LETTER_IRMA_WITH_DIAERESIS
MAP	0049 0308	GLAITHA_A_CAPITAL_LETTER_IRMA_WITH_DIAERESIS
MAP	00D6	GLAITHA_A_CAPITAL_LETTER_OLIVA_WITH_DIAERESIS
MAP	004F 0308	GLAITHA_A_CAPITAL_LETTER_OLIVA_WITH_DIAERESIS
MAP	00DC	GLAITHA_A_CAPITAL_LETTER_UNISHA_WITH_DIAERESIS
MAP	0055 0308	GLAITHA_A_CAPITAL_LETTER_UNISHA_WITH_DIAERESIS
MAP	0178	GLAITHA_A_CAPITAL_LETTER_YOLANA_WITH_DIAERESIS
MAP	0059 0308	GLAITHA_A_CAPITAL_LETTER_YOLANA_WITH_DIAERESIS
MAP	01A2 0308	GLAITHA_A_CAPITAL_LETTER_OYNA_WITH_DIAERESIS
MAP	0061	GLAITHA_A_SMALL_LETTER_ALLYSSA
MAP	00E5	GLAITHA_A_SMALL_LETTER_AURA
MAP	0061 030A	GLAITHA_A_SMALL_LETTER_AURA
MAP	0062	GLAITHA_A_SMALL_LETTER_BETHA
MAP	0063	GLAITHA_A_SMALL_LETTER_CASTA
MAP	010D	GLAITHA_A_SMALL_LETTER_CHELLA
MAP	0063 030C	GLAITHA_A_SMALL_LETTER_CHELLA
MAP	0064	GLAITHA_A_SMALL_LETTER_DANELLA
MAP	0065	GLAITHA_A_SMALL_LETTER_ELLA
MAP	0066	GLAITHA_A_SMALL_LETTER_FAYA
MAP	0067	GLAITHA_A_SMALL_LETTER_GEMMA
MAP	0068	GLAITHA_A_SMALL_LETTER_HALLA
MAP	0069	GLAITHA_A_SMALL_LETTER_IRMA
MAP	006A	GLAITHA_A_SMALL_LETTER_JENNA
MAP	006B	GLAITHA_A_SMALL_LETTER_KASSIA
MAP	006B 0303	GLAITHA_A_SMALL_LETTER_KYANA
MAP	F701	GLAITHA_A_SMALL_LETTER_KYANA
MAP	006C	GLAITHA_A_SMALL_LETTER_LIORA
MAP	006C 0303	GLAITHA_A_SMALL_LETTER_LYANA
MAP	F703	GLAITHA_A_SMALL_LETTER_LYANA
MAP	006D	GLAITHA_A_SMALL_LETTER_MIA
MAP	006D 0303	GLAITHA_A_SMALL_LETTER_MYANA
MAP	F705	GLAITHA_A_SMALL_LETTER_MYANA
MAP	006E	GLAITHA_A_SMALL_LETTER_NORRA
MAP	00F1	GLAITHA_A_SMALL_LETTER_NYANA
MAP	006E 0303	GLAITHA_A_SMALL_LETTER_NYANA
MAP	006F	GLAITHA_A_SMALL_LETTER_OLIVA
MAP	0070	GLAITHA_A_SMALL_LETTER_PADMA
MAP	0071	GLAITHA_A_SMALL_LETTER_QUENTINA
MAP	0072	GLAITHA_A_SMALL_LETTER_RASHELLA
MAP	0073	GLAITHA_A_SMALL_LETTER_SELLA
MAP	0161	GLAITHA_A_SMALL_LETTER_SHELLA
MAP	0073 030C	GLAITHA_A_SMALL_LETTER_SHELLA
MAP	0074	GLAITHA_A_SMALL_LETTER_TEMMA
MAP	0165	GLAITHA_A_SMALL_LETTER_THALIA
MAP	0074 030C	GLAITHA_A_SMALL_LETTER_THALIA
MAP	0075	GLAITHA_A_SMALL_LETTER_UNISHA
MAP	0076	GLAITHA_A_SMALL_LETTER_VERMA
MAP	0077	GLAITHA_A_SMALL_LETTER_WITNA
MAP	0078	GLAITHA_A_SMALL_LETTER_XETTA
MAP	0079	GLAITHA_A_SMALL_LETTER_YOLANA
MAP	007A	GLAITHA_A_SMALL_LETTER_ZEFFA
MAP	014B	GLAITHA_A_SMALL_LETTER_INGA
MAP	01A3	GLAITHA_A_SMALL_LETTER_OYNA
MAP	010F	GLAITHA_A_SMALL_LETTER_DHAMMA
MAP	0064 030C	GLAITHA_A_SMALL_LETTER_DHAMMA
MAP	01E9	GLAITHA_A_SMALL_LETTER_KHALKA
MAP	006B 030C	GLAITHA_A_SMALL_LETTER_KHALKA
MAP	0159	GLAITHA_A_SMALL_LETTER_RHIENNA
MAP	0072 030C	GLAITHA_A_SMALL_LETTER_RHIENNA
MAP	017E	GLAITHA_A_SMALL_LETTER_ZHALIA
MAP	007A 030C	GLAITHA_A_SMALL_LETTER_ZHALIA
MAP	00E4	GLAITHA_A_SMALL_LETTER_ALLYSSA_WITH_DIAERESIS
MAP	0061 0308	GLAITHA_A_SMALL_LETTER_ALLYSSA_WITH_DIAERESIS
MAP	00E5 0308	GLAITHA_A_SMALL_LETTER_AURA_WITH_DIAERESIS
MAP	00E4 030A	GLAITHA_A_SMALL_LETTER_AURA_WITH_DIAERESIS
MAP	0061 0308 030A	GLAITHA_A_SMALL_LETTER_AURA_WITH_DIAERESIS
MAP	0061 030A 0308	GLAITHA_A_SMALL_LETTER_AURA_WITH_DIAERESIS
MAP	00EB	GLAITHA_A_SMALL_LETTER_ELLA_WITH_DIAERESIS
MAP	0065 0308	GLAITHA_A_SMALL_LETTER_ELLA_WITH_DIAERESIS
MAP	00EF	GLAITHA_A_SMALL_LETTER_IRMA_WITH_DIAERESIS
MAP	0069 0308	GLAITHA_A_SMALL_LETTER_IRMA_WITH_DIAERESIS
MAP	00F6	GLAITHA_A_SMALL_LETTER_OLIVA_WITH_DIAERESIS
MAP	006F 0308	GLAITHA_A_SMALL_LETTER_OLIVA_WITH_DIAERESIS
MAP	00FC	GLAITHA_A_SMALL_LETTER_UNISHA_WITH_DIAERESIS
MAP	0075 0308	GLAITHA_A_SMALL_LETTER_UNISHA_WITH_DIAERESIS
MAP	00FF	GLAITHA_A_SMALL_LETTER_YOLANA_WITH_DIAERESIS
MAP	0079 0308	GLAITHA_A_SMALL_LETTER_YOLANA_WITH_DIAERESIS
MAP	01A3 0308	GLAITHA_A_SMALL_LETTER_OYNA_WITH_DIAERESIS
