NAME	Glaitha-A UCSUR
ALIAS	Glaitha-A BMP
COMMENT	The Glaitha-A script is encoded in the Private Use Area of the BMP (code points U+E900-U+E97F).
MAP	E900	GLAITHA_A_SPACE
MAP	E901	GLAITHA_A_FULL_STOP
MAP	E902	GLAITHA_A_COMMA
MAP	E903	GLAITHA_A_COLON
MAP	E904	GLAITHA_A_SEMICOLON
MAP	E905	GLAITHA_A_EXCLAMATION_MARK
MAP	E906	GLAITHA_A_QUESTION_MARK
MAP	E907	GLAITHA_A_INTERROBANG
MAP	E910	GLAITHA_A_DIGIT_ZERO
MAP	E911	GLAITHA_A_DIGIT_ONE
MAP	E912	GLAITHA_A_DIGIT_TWO
MAP	E913	GLAITHA_A_DIGIT_THREE
MAP	E914	GLAITHA_A_DIGIT_FOUR
MAP	E915	GLAITHA_A_DIGIT_FIVE
MAP	E916	GLAITHA_A_DIGIT_SIX
MAP	E917	GLAITHA_A_DIGIT_SEVEN
MAP	E918	GLAITHA_A_DIGIT_EIGHT
MAP	E919	GLAITHA_A_DIGIT_NINE
MAP	E91A	GLAITHA_A_NUMBER_TEN
MAP	E91B	GLAITHA_A_NUMBER_ELEVEN
MAP	E91C	GLAITHA_A_NUMBER_TWELVE
MAP	E91D	GLAITHA_A_NUMBER_THIRTEEN
MAP	E91E	GLAITHA_A_NUMBER_FOURTEEN
MAP	E91F	GLAITHA_A_NUMBER_FIFTEEN
MAP	E920	GLAITHA_A_CAPITAL_LETTER_ALLYSSA
MAP	E921	GLAITHA_A_CAPITAL_LETTER_AURA
MAP	E922	GLAITHA_A_CAPITAL_LETTER_BETHA
MAP	E923	GLAITHA_A_CAPITAL_LETTER_CASTA
MAP	E924	GLAITHA_A_CAPITAL_LETTER_CHELLA
MAP	E925	GLAITHA_A_CAPITAL_LETTER_DANELLA
MAP	E926	GLAITHA_A_CAPITAL_LETTER_ELLA
MAP	E927	GLAITHA_A_CAPITAL_LETTER_FAYA
MAP	E928	GLAITHA_A_CAPITAL_LETTER_GEMMA
MAP	E929	GLAITHA_A_CAPITAL_LETTER_HALLA
MAP	E92A	GLAITHA_A_CAPITAL_LETTER_IRMA
MAP	E92B	GLAITHA_A_CAPITAL_LETTER_JENNA
MAP	E92C	GLAITHA_A_CAPITAL_LETTER_KASSIA
MAP	E92D	GLAITHA_A_CAPITAL_LETTER_KYANA
MAP	E92E	GLAITHA_A_CAPITAL_LETTER_LIORA
MAP	E92F	GLAITHA_A_CAPITAL_LETTER_LYANA
MAP	E930	GLAITHA_A_CAPITAL_LETTER_MIA
MAP	E931	GLAITHA_A_CAPITAL_LETTER_MYANA
MAP	E932	GLAITHA_A_CAPITAL_LETTER_NORRA
MAP	E933	GLAITHA_A_CAPITAL_LETTER_NYANA
MAP	E934	GLAITHA_A_CAPITAL_LETTER_OLIVA
MAP	E935	GLAITHA_A_CAPITAL_LETTER_PADMA
MAP	E936	GLAITHA_A_CAPITAL_LETTER_QUENTINA
MAP	E937	GLAITHA_A_CAPITAL_LETTER_RASHELLA
MAP	E938	GLAITHA_A_CAPITAL_LETTER_SELLA
MAP	E939	GLAITHA_A_CAPITAL_LETTER_SHELLA
MAP	E93A	GLAITHA_A_CAPITAL_LETTER_TEMMA
MAP	E93B	GLAITHA_A_CAPITAL_LETTER_THALIA
MAP	E93C	GLAITHA_A_CAPITAL_LETTER_UNISHA
MAP	E93D	GLAITHA_A_CAPITAL_LETTER_VERMA
MAP	E93E	GLAITHA_A_CAPITAL_LETTER_WITNA
MAP	E93F	GLAITHA_A_CAPITAL_LETTER_XETTA
MAP	E940	GLAITHA_A_CAPITAL_LETTER_YOLANA
MAP	E941	GLAITHA_A_CAPITAL_LETTER_ZEFFA
MAP	E942	GLAITHA_A_CAPITAL_LETTER_INGA
MAP	E943	GLAITHA_A_CAPITAL_LETTER_OYNA
MAP	E944	GLAITHA_A_CAPITAL_LETTER_DHAMMA
MAP	E945	GLAITHA_A_CAPITAL_LETTER_KHALKA
MAP	E946	GLAITHA_A_CAPITAL_LETTER_RHIENNA
MAP	E947	GLAITHA_A_CAPITAL_LETTER_ZHALIA
MAP	E948	GLAITHA_A_CAPITAL_LETTER_ALLYSSA_WITH_DIAERESIS
MAP	E949	GLAITHA_A_CAPITAL_LETTER_AURA_WITH_DIAERESIS
MAP	E94A	GLAITHA_A_CAPITAL_LETTER_ELLA_WITH_DIAERESIS
MAP	E94B	GLAITHA_A_CAPITAL_LETTER_IRMA_WITH_DIAERESIS
MAP	E94C	GLAITHA_A_CAPITAL_LETTER_OLIVA_WITH_DIAERESIS
MAP	E94D	GLAITHA_A_CAPITAL_LETTER_UNISHA_WITH_DIAERESIS
MAP	E94E	GLAITHA_A_CAPITAL_LETTER_YOLANA_WITH_DIAERESIS
MAP	E94F	GLAITHA_A_CAPITAL_LETTER_OYNA_WITH_DIAERESIS
MAP	E950	GLAITHA_A_SMALL_LETTER_ALLYSSA
MAP	E951	GLAITHA_A_SMALL_LETTER_AURA
MAP	E952	GLAITHA_A_SMALL_LETTER_BETHA
MAP	E953	GLAITHA_A_SMALL_LETTER_CASTA
MAP	E954	GLAITHA_A_SMALL_LETTER_CHELLA
MAP	E955	GLAITHA_A_SMALL_LETTER_DANELLA
MAP	E956	GLAITHA_A_SMALL_LETTER_ELLA
MAP	E957	GLAITHA_A_SMALL_LETTER_FAYA
MAP	E958	GLAITHA_A_SMALL_LETTER_GEMMA
MAP	E959	GLAITHA_A_SMALL_LETTER_HALLA
MAP	E95A	GLAITHA_A_SMALL_LETTER_IRMA
MAP	E95B	GLAITHA_A_SMALL_LETTER_JENNA
MAP	E95C	GLAITHA_A_SMALL_LETTER_KASSIA
MAP	E95D	GLAITHA_A_SMALL_LETTER_KYANA
MAP	E95E	GLAITHA_A_SMALL_LETTER_LIORA
MAP	E95F	GLAITHA_A_SMALL_LETTER_LYANA
MAP	E960	GLAITHA_A_SMALL_LETTER_MIA
MAP	E961	GLAITHA_A_SMALL_LETTER_MYANA
MAP	E962	GLAITHA_A_SMALL_LETTER_NORRA
MAP	E963	GLAITHA_A_SMALL_LETTER_NYANA
MAP	E964	GLAITHA_A_SMALL_LETTER_OLIVA
MAP	E965	GLAITHA_A_SMALL_LETTER_PADMA
MAP	E966	GLAITHA_A_SMALL_LETTER_QUENTINA
MAP	E967	GLAITHA_A_SMALL_LETTER_RASHELLA
MAP	E968	GLAITHA_A_SMALL_LETTER_SELLA
MAP	E969	GLAITHA_A_SMALL_LETTER_SHELLA
MAP	E96A	GLAITHA_A_SMALL_LETTER_TEMMA
MAP	E96B	GLAITHA_A_SMALL_LETTER_THALIA
MAP	E96C	GLAITHA_A_SMALL_LETTER_UNISHA
MAP	E96D	GLAITHA_A_SMALL_LETTER_VERMA
MAP	E96E	GLAITHA_A_SMALL_LETTER_WITNA
MAP	E96F	GLAITHA_A_SMALL_LETTER_XETTA
MAP	E970	GLAITHA_A_SMALL_LETTER_YOLANA
MAP	E971	GLAITHA_A_SMALL_LETTER_ZEFFA
MAP	E972	GLAITHA_A_SMALL_LETTER_INGA
MAP	E973	GLAITHA_A_SMALL_LETTER_OYNA
MAP	E974	GLAITHA_A_SMALL_LETTER_DHAMMA
MAP	E975	GLAITHA_A_SMALL_LETTER_KHALKA
MAP	E976	GLAITHA_A_SMALL_LETTER_RHIENNA
MAP	E977	GLAITHA_A_SMALL_LETTER_ZHALIA
MAP	E978	GLAITHA_A_SMALL_LETTER_ALLYSSA_WITH_DIAERESIS
MAP	E979	GLAITHA_A_SMALL_LETTER_AURA_WITH_DIAERESIS
MAP	E97A	GLAITHA_A_SMALL_LETTER_ELLA_WITH_DIAERESIS
MAP	E97B	GLAITHA_A_SMALL_LETTER_IRMA_WITH_DIAERESIS
MAP	E97C	GLAITHA_A_SMALL_LETTER_OLIVA_WITH_DIAERESIS
MAP	E97D	GLAITHA_A_SMALL_LETTER_UNISHA_WITH_DIAERESIS
MAP	E97E	GLAITHA_A_SMALL_LETTER_YOLANA_WITH_DIAERESIS
MAP	E97F	GLAITHA_A_SMALL_LETTER_OYNA_WITH_DIAERESIS
