NAME	IPA Unicode
COMMENT	The International Phonetic Alphabet is encoded as Unicode characters.
MAP	0070	IPA_PLOSIVE_BILABIAL_VOICELESS
MAP	0062	IPA_PLOSIVE_BILABIAL_VOICED
MAP	0074	IPA_PLOSIVE_ALVEOLAR_VOICELESS
MAP	0064	IPA_PLOSIVE_ALVEOLAR_VOICED
MAP	0288	IPA_PLOSIVE_RETROFLEX_VOICELESS
MAP	0256	IPA_PLOSIVE_RETROFLEX_VOICED
MAP	0063	IPA_PLOSIVE_PALATAL_VOICELESS
MAP	025F	IPA_PLOSIVE_PALATAL_VOICED
MAP	006B	IPA_PLOSIVE_VELAR_VOICELESS
MAP	0067	IPA_PLOSIVE_VELAR_VOICED
MAP	0071	IPA_PLOSIVE_UVULAR_VOICELESS
MAP	0262	IPA_PLOSIVE_UVULAR_VOICED
MAP	0294	IPA_PLOSIVE_GLOTTAL_VOICELESS
MAP	006D	IPA_NASAL_BILABIAL_VOICED
MAP	0271	IPA_NASAL_LABIODENTAL_VOICED
MAP	006E	IPA_NASAL_ALVEOLAR_VOICED
MAP	0273	IPA_NASAL_RETROFLEX_VOICED
MAP	0272	IPA_NASAL_PALATAL_VOICED
MAP	014B	IPA_NASAL_VELAR_VOICED
MAP	0274	IPA_NASAL_UVULAR_VOICED
MAP	0299	IPA_TRILL_BILABIAL_VOICED
MAP	0072	IPA_TRILL_ALVEOLAR_VOICED
MAP	0280	IPA_TRILL_UVULAR_VOICED
MAP	027E	IPA_FLAP_ALVEOLAR_VOICED
MAP	027D	IPA_FLAP_RETROFLEX_VOICED
MAP	0278	IPA_FRICATIVE_BILABIAL_VOICELESS
MAP	03B2	IPA_FRICATIVE_BILABIAL_VOICED
MAP	0066	IPA_FRICATIVE_LABIODENTAL_VOICELESS
MAP	0076	IPA_FRICATIVE_LABIODENTAL_VOICED
MAP	03B8	IPA_FRICATIVE_DENTAL_VOICELESS
MAP	00F0	IPA_FRICATIVE_DENTAL_VOICED
MAP	0073	IPA_FRICATIVE_ALVEOLAR_VOICELESS
MAP	007A	IPA_FRICATIVE_ALVEOLAR_VOICED
MAP	0283	IPA_FRICATIVE_POSTALVEOLAR_VOICELESS
MAP	0292	IPA_FRICATIVE_POSTALVEOLAR_VOICED
MAP	0282	IPA_FRICATIVE_RETROFLEX_VOICELESS
MAP	0290	IPA_FRICATIVE_RETROFLEX_VOICED
MAP	00E7	IPA_FRICATIVE_PALATAL_VOICELESS
MAP	029D	IPA_FRICATIVE_PALATAL_VOICED
MAP	0078	IPA_FRICATIVE_VELAR_VOICELESS
MAP	0263	IPA_FRICATIVE_VELAR_VOICED
MAP	03C7	IPA_FRICATIVE_UVULAR_VOICELESS
MAP	0281	IPA_FRICATIVE_UVULAR_VOICED
MAP	0127	IPA_FRICATIVE_PHARYNGEAL_VOICELESS
MAP	0295	IPA_FRICATIVE_PHARYNGEAL_VOICED
MAP	0068	IPA_FRICATIVE_GLOTTAL_VOICELESS
MAP	0266	IPA_FRICATIVE_GLOTTAL_VOICED
MAP	026C	IPA_LATERAL_FRICATIVE_ALVEOLAR_VOICELESS
MAP	026E	IPA_LATERAL_FRICATIVE_ALVEOLAR_VOICED
MAP	028B	IPA_APPROXIMANT_LABIODENTAL_VOICED
MAP	0279	IPA_APPROXIMANT_ALVEOLAR_VOICED
MAP	027B	IPA_APPROXIMANT_RETROFLEX_VOICED
MAP	006A	IPA_APPROXIMANT_PALATAL_VOICED
MAP	0270	IPA_APPROXIMANT_VELAR_VOICED
MAP	006C	IPA_LATERAL_APPROXIMANT_ALVEOLAR_VOICED
MAP	026D	IPA_LATERAL_APPROXIMANT_RETROFLEX_VOICED
MAP	028E	IPA_LATERAL_APPROXIMANT_PALATAL_VOICED
MAP	029F	IPA_LATERAL_APPROXIMANT_VELAR_VOICED
MAP	0298	IPA_CLICK_BILABIAL
MAP	01C0	IPA_CLICK_DENTAL
MAP	01C3	IPA_CLICK_POSTALVEOLAR
MAP	01C2	IPA_CLICK_PALATOALVEOLAR
MAP	01C1	IPA_CLICK_ALVEOLAR_LATERAL
MAP	0253	IPA_IMPLOSIVE_BILABIAL
MAP	0257	IPA_IMPLOSIVE_DENTAL_ALVEOLAR
MAP	0284	IPA_IMPLOSIVE_PALATAL
MAP	0260	IPA_IMPLOSIVE_VELAR
MAP	029B	IPA_IMPLOSIVE_UVULAR
MAP	02BC	IPA_EJECTIVE
MAP	0069	IPA_VOWEL_CLOSE_FRONT
MAP	0079	IPA_VOWEL_CLOSE_FRONT_ROUNDED
MAP	0268	IPA_VOWEL_CLOSE_CENTRAL
MAP	0289	IPA_VOWEL_CLOSE_CENTRAL_ROUNDED
MAP	026F	IPA_VOWEL_CLOSE_BACK
MAP	0075	IPA_VOWEL_CLOSE_BACK_ROUNDED
MAP	026A	IPA_VOWEL_CLOSE_CLOSE_MID_FRONT_CENTRAL
MAP	028F	IPA_VOWEL_CLOSE_CLOSE_MID_FRONT_CENTRAL_ROUNDED
MAP	028A	IPA_VOWEL_CLOSE_CLOSE_MID_BACK_CENTRAL
MAP	0065	IPA_VOWEL_CLOSE_MID_FRONT
MAP	00F8	IPA_VOWEL_CLOSE_MID_FRONT_ROUNDED
MAP	0258	IPA_VOWEL_CLOSE_MID_CENTRAL
MAP	0275	IPA_VOWEL_CLOSE_MID_CENTRAL_ROUNDED
MAP	0264	IPA_VOWEL_CLOSE_MID_BACK
MAP	006F	IPA_VOWEL_CLOSE_MID_BACK_ROUNDED
MAP	0259	IPA_VOWEL_MID_CENTRAL
MAP	025B	IPA_VOWEL_OPEN_MID_FRONT
MAP	0153	IPA_VOWEL_OPEN_MID_FRONT_ROUNDED
MAP	025C	IPA_VOWEL_OPEN_MID_CENTRAL
MAP	025E	IPA_VOWEL_OPEN_MID_CENTRAL_ROUNDED
MAP	028C	IPA_VOWEL_OPEN_MID_BACK
MAP	0254	IPA_VOWEL_OPEN_MID_BACK_ROUNDED
MAP	00E6	IPA_VOWEL_OPEN_OPEN_MID_FRONT
MAP	0250	IPA_VOWEL_OPEN_OPEN_MID_CENTRAL
MAP	0061	IPA_VOWEL_OPEN_FRONT
MAP	0276	IPA_VOWEL_OPEN_FRONT_ROUNDED
MAP	0251	IPA_VOWEL_OPEN_BACK
MAP	0252	IPA_VOWEL_OPEN_BACK_ROUNDED
MAP	028D	IPA_FRICATIVE_LABIOVELAR_VOICELESS
MAP	0077	IPA_APPROXIMANT_LABIOVELAR_VOICED
MAP	0265	IPA_APPROXIMANT_LABIOPALATAL_VOICED
MAP	029C	IPA_FRICATIVE_EPIGLOTTAL_VOICELESS
MAP	02A2	IPA_FRICATIVE_EPIGLOTTAL_VOICED
MAP	02A1	IPA_PLOSIVE_EPIGLOTTAL
MAP	0255	IPA_FRICATIVE_ALVEOLOPALATAL_VOICELESS
MAP	0291	IPA_FRICATIVE_ALVEOLOPALATAL_VOICED
MAP	027A	IPA_FLAP_ALVEOLAR_LATERAL
MAP	0267	IPA_FRICATIVE_POSTALVEOLAR_VELAR
MAP	0361	IPA_TIE_BAR
MAP	02C8	IPA_SUPRASEGMENTAL_PRIMARY_STRESS
MAP	02CC	IPA_SUPRASEGMENTAL_SECONDARY_STRESS
MAP	02D0	IPA_SUPRASEGMENTAL_LONG
MAP	02D1	IPA_SUPRASEGMENTAL_HALF_LONG
MAP	0306	IPA_SUPRASEGMENTAL_EXTRA_SHORT
MAP	002E	IPA_SUPRASEGMENTAL_SYLLABLE_BREAK
MAP	007C	IPA_SUPRASEGMENTAL_MINOR_GROUP
MAP	2016	IPA_SUPRASEGMENTAL_MAJOR_GROUP
MAP	203F	IPA_SUPRASEGMENTAL_LINKING
MAP	02E5	IPA_LEVEL_EXTRA_HIGH
MAP	030B	IPA_LEVEL_EXTRA_HIGH
MAP	02E6	IPA_LEVEL_HIGH
MAP	0301	IPA_LEVEL_HIGH
MAP	02E7	IPA_LEVEL_MID
MAP	0304	IPA_LEVEL_MID
MAP	02E8	IPA_LEVEL_LOW
MAP	0300	IPA_LEVEL_LOW
MAP	02E9	IPA_LEVEL_EXTRA_LOW
MAP	030F	IPA_LEVEL_EXTRA_LOW
MAP	2193	IPA_LEVEL_DOWNSTEP
MAP	2191	IPA_LEVEL_UPSTEP
MAP	02E9 02E5	IPA_CONTOUR_RISING
MAP	030C	IPA_CONTOUR_RISING
MAP	02E5 02E9	IPA_CONTOUR_FALLING
MAP	0302	IPA_CONTOUR_FALLING
MAP	02E6 02E5	IPA_CONTOUR_HIGH_RISING
MAP	1DC4	IPA_CONTOUR_HIGH_RISING
MAP	02E9 02E8	IPA_CONTOUR_LOW_RISING
MAP	1DC5	IPA_CONTOUR_LOW_RISING
MAP	02E6 02E5 02E6	IPA_CONTOUR_RISING_FALLING
MAP	1DC8	IPA_CONTOUR_RISING_FALLING
MAP	2197	IPA_CONTOUR_GLOBAL_RISE
MAP	2198	IPA_CONTOUR_GLOBAL_FALL
MAP	0325	IPA_DIACRITIC_VOICELESS
MAP	032C	IPA_DIACRITIC_VOICED
MAP	02B0	IPA_DIACRITIC_ASPIRATED
MAP	0339	IPA_DIACRITIC_MORE_ROUNDED
MAP	031C	IPA_DIACRITIC_LESS_ROUNDED
MAP	031F	IPA_DIACRITIC_ADVANCED
MAP	0320	IPA_DIACRITIC_RETRACTED
MAP	0308	IPA_DIACRITIC_CENTRALIZED
MAP	033D	IPA_DIACRITIC_MID_CENTRALIZED
MAP	0329	IPA_DIACRITIC_SYLLABIC
MAP	032F	IPA_DIACRITIC_NONSYLLABIC
MAP	02DE	IPA_DIACRITIC_RHOTICITY
MAP	0324	IPA_DIACRITIC_BREATHY_VOICED
MAP	0330	IPA_DIACRITIC_CREAKY_VOICED
MAP	033C	IPA_DIACRITIC_LINGUOLABIAL
MAP	02B7	IPA_DIACRITIC_LABIALIZED
MAP	02B2	IPA_DIACRITIC_PALATALIZED
MAP	02E0	IPA_DIACRITIC_VELARIZED
MAP	02E4	IPA_DIACRITIC_PHARYNGEALIZED
MAP	0334	IPA_DIACRITIC_VELARIZED_PHARYNGEALIZED
MAP	031D	IPA_DIACRITIC_RAISED
MAP	031E	IPA_DIACRITIC_LOWERED
MAP	0318	IPA_DIACRITIC_ADVANCED_TONGUE_ROOT
MAP	0319	IPA_DIACRITIC_RETRACTED_TONGUE_ROOT
MAP	032A	IPA_DIACRITIC_DENTAL
MAP	033A	IPA_DIACRITIC_APICAL
MAP	033B	IPA_DIACRITIC_LAMINAL
MAP	0303	IPA_DIACRITIC_NASALIZED
MAP	207F	IPA_DIACRITIC_NASAL_RELEASE
MAP	02E1	IPA_DIACRITIC_LATERAL_RELEASE
MAP	031A	IPA_DIACRITIC_NO_AUDIBLE_RELEASE
