NAME	IPA X-SAMPA
COMMENT	The International Phonetic Alphabet is encoded using the X-SAMPA representation.
MAP	0070	IPA_PLOSIVE_BILABIAL_VOICELESS
MAP	0062	IPA_PLOSIVE_BILABIAL_VOICED
MAP	0074	IPA_PLOSIVE_ALVEOLAR_VOICELESS
MAP	0064	IPA_PLOSIVE_ALVEOLAR_VOICED
MAP	0074 0060	IPA_PLOSIVE_RETROFLEX_VOICELESS
MAP	0064 0060	IPA_PLOSIVE_RETROFLEX_VOICED
MAP	0063	IPA_PLOSIVE_PALATAL_VOICELESS
MAP	004A 005C	IPA_PLOSIVE_PALATAL_VOICED
MAP	006B	IPA_PLOSIVE_VELAR_VOICELESS
MAP	0067	IPA_PLOSIVE_VELAR_VOICED
MAP	0071	IPA_PLOSIVE_UVULAR_VOICELESS
MAP	0047 005C	IPA_PLOSIVE_UVULAR_VOICED
MAP	003F	IPA_PLOSIVE_GLOTTAL_VOICELESS
MAP	006D	IPA_NASAL_BILABIAL_VOICED
MAP	0046	IPA_NASAL_LABIODENTAL_VOICED
MAP	006E	IPA_NASAL_ALVEOLAR_VOICED
MAP	006E 0060	IPA_NASAL_RETROFLEX_VOICED
MAP	004A	IPA_NASAL_PALATAL_VOICED
MAP	004E	IPA_NASAL_VELAR_VOICED
MAP	004E 005C	IPA_NASAL_UVULAR_VOICED
MAP	0042 005C	IPA_TRILL_BILABIAL_VOICED
MAP	0072	IPA_TRILL_ALVEOLAR_VOICED
MAP	0052 005C	IPA_TRILL_UVULAR_VOICED
MAP	0034	IPA_FLAP_ALVEOLAR_VOICED
MAP	0072 0060	IPA_FLAP_RETROFLEX_VOICED
MAP	0070 005C	IPA_FRICATIVE_BILABIAL_VOICELESS
MAP	0042	IPA_FRICATIVE_BILABIAL_VOICED
MAP	0066	IPA_FRICATIVE_LABIODENTAL_VOICELESS
MAP	0076	IPA_FRICATIVE_LABIODENTAL_VOICED
MAP	0054	IPA_FRICATIVE_DENTAL_VOICELESS
MAP	0044	IPA_FRICATIVE_DENTAL_VOICED
MAP	0073	IPA_FRICATIVE_ALVEOLAR_VOICELESS
MAP	007A	IPA_FRICATIVE_ALVEOLAR_VOICED
MAP	0053	IPA_FRICATIVE_POSTALVEOLAR_VOICELESS
MAP	005A	IPA_FRICATIVE_POSTALVEOLAR_VOICED
MAP	0073 0060	IPA_FRICATIVE_RETROFLEX_VOICELESS
MAP	007A 0060	IPA_FRICATIVE_RETROFLEX_VOICED
MAP	0043	IPA_FRICATIVE_PALATAL_VOICELESS
MAP	006A 005C	IPA_FRICATIVE_PALATAL_VOICED
MAP	0078	IPA_FRICATIVE_VELAR_VOICELESS
MAP	0047	IPA_FRICATIVE_VELAR_VOICED
MAP	0058	IPA_FRICATIVE_UVULAR_VOICELESS
MAP	0052	IPA_FRICATIVE_UVULAR_VOICED
MAP	0058 005C	IPA_FRICATIVE_PHARYNGEAL_VOICELESS
MAP	003F 005C	IPA_FRICATIVE_PHARYNGEAL_VOICED
MAP	0068	IPA_FRICATIVE_GLOTTAL_VOICELESS
MAP	0068 005C	IPA_FRICATIVE_GLOTTAL_VOICED
MAP	004B	IPA_LATERAL_FRICATIVE_ALVEOLAR_VOICELESS
MAP	004B 005C	IPA_LATERAL_FRICATIVE_ALVEOLAR_VOICED
MAP	0050	IPA_APPROXIMANT_LABIODENTAL_VOICED
MAP	0072 005C	IPA_APPROXIMANT_ALVEOLAR_VOICED
MAP	0072 005C 0060	IPA_APPROXIMANT_RETROFLEX_VOICED
MAP	006A	IPA_APPROXIMANT_PALATAL_VOICED
MAP	006D 005C	IPA_APPROXIMANT_VELAR_VOICED
MAP	006C	IPA_LATERAL_APPROXIMANT_ALVEOLAR_VOICED
MAP	006C 0060	IPA_LATERAL_APPROXIMANT_RETROFLEX_VOICED
MAP	004C	IPA_LATERAL_APPROXIMANT_PALATAL_VOICED
MAP	004C 005C	IPA_LATERAL_APPROXIMANT_VELAR_VOICED
MAP	004F 005C	IPA_CLICK_BILABIAL
MAP	007C 005C	IPA_CLICK_DENTAL
MAP	0021 005C	IPA_CLICK_POSTALVEOLAR
MAP	003D 005C	IPA_CLICK_PALATOALVEOLAR
MAP	007C 005C 007C 005C	IPA_CLICK_ALVEOLAR_LATERAL
MAP	0062 005F 003C	IPA_IMPLOSIVE_BILABIAL
MAP	0064 005F 003C	IPA_IMPLOSIVE_DENTAL_ALVEOLAR
MAP	0066 005F 003C	IPA_IMPLOSIVE_PALATAL
MAP	0067 005F 003C	IPA_IMPLOSIVE_VELAR
MAP	0047 005F 003C	IPA_IMPLOSIVE_UVULAR
MAP	005F 003E	IPA_EJECTIVE
MAP	0069	IPA_VOWEL_CLOSE_FRONT
MAP	0079	IPA_VOWEL_CLOSE_FRONT_ROUNDED
MAP	0031	IPA_VOWEL_CLOSE_CENTRAL
MAP	007D	IPA_VOWEL_CLOSE_CENTRAL_ROUNDED
MAP	004D	IPA_VOWEL_CLOSE_BACK
MAP	0075	IPA_VOWEL_CLOSE_BACK_ROUNDED
MAP	0049	IPA_VOWEL_CLOSE_CLOSE_MID_FRONT_CENTRAL
MAP	0059	IPA_VOWEL_CLOSE_CLOSE_MID_FRONT_CENTRAL_ROUNDED
MAP	0055	IPA_VOWEL_CLOSE_CLOSE_MID_BACK_CENTRAL
MAP	0065	IPA_VOWEL_CLOSE_MID_FRONT
MAP	0032	IPA_VOWEL_CLOSE_MID_FRONT_ROUNDED
MAP	0040 005C	IPA_VOWEL_CLOSE_MID_CENTRAL
MAP	0038	IPA_VOWEL_CLOSE_MID_CENTRAL_ROUNDED
MAP	0037	IPA_VOWEL_CLOSE_MID_BACK
MAP	006F	IPA_VOWEL_CLOSE_MID_BACK_ROUNDED
MAP	0040	IPA_VOWEL_MID_CENTRAL
MAP	0045	IPA_VOWEL_OPEN_MID_FRONT
MAP	0039	IPA_VOWEL_OPEN_MID_FRONT_ROUNDED
MAP	0033	IPA_VOWEL_OPEN_MID_CENTRAL
MAP	0033 005C	IPA_VOWEL_OPEN_MID_CENTRAL_ROUNDED
MAP	0056	IPA_VOWEL_OPEN_MID_BACK
MAP	004F	IPA_VOWEL_OPEN_MID_BACK_ROUNDED
MAP	007B	IPA_VOWEL_OPEN_OPEN_MID_FRONT
MAP	0036	IPA_VOWEL_OPEN_OPEN_MID_CENTRAL
MAP	0061	IPA_VOWEL_OPEN_FRONT
MAP	0026	IPA_VOWEL_OPEN_FRONT_ROUNDED
MAP	0041	IPA_VOWEL_OPEN_BACK
MAP	0051	IPA_VOWEL_OPEN_BACK_ROUNDED
MAP	0057	IPA_FRICATIVE_LABIOVELAR_VOICELESS
MAP	0077	IPA_APPROXIMANT_LABIOVELAR_VOICED
MAP	0048	IPA_APPROXIMANT_LABIOPALATAL_VOICED
MAP	0048 005C	IPA_FRICATIVE_EPIGLOTTAL_VOICELESS
MAP	003C 005C	IPA_FRICATIVE_EPIGLOTTAL_VOICED
MAP	003E 005C	IPA_PLOSIVE_EPIGLOTTAL
MAP	0073 005C	IPA_FRICATIVE_ALVEOLOPALATAL_VOICELESS
MAP	007A 005C	IPA_FRICATIVE_ALVEOLOPALATAL_VOICED
MAP	006C 005C	IPA_FLAP_ALVEOLAR_LATERAL
MAP	0078 005C	IPA_FRICATIVE_POSTALVEOLAR_VELAR
MAP	005F	IPA_TIE_BAR
MAP	0022	IPA_SUPRASEGMENTAL_PRIMARY_STRESS
MAP	0025	IPA_SUPRASEGMENTAL_SECONDARY_STRESS
MAP	003A	IPA_SUPRASEGMENTAL_LONG
MAP	003A 005C	IPA_SUPRASEGMENTAL_HALF_LONG
MAP	005F 0058	IPA_SUPRASEGMENTAL_EXTRA_SHORT
MAP	002E	IPA_SUPRASEGMENTAL_SYLLABLE_BREAK
MAP	007C	IPA_SUPRASEGMENTAL_MINOR_GROUP
MAP	007C 007C	IPA_SUPRASEGMENTAL_MAJOR_GROUP
MAP	002D 005C	IPA_SUPRASEGMENTAL_LINKING
MAP	005F 0054	IPA_LEVEL_EXTRA_HIGH
MAP	005F 0048	IPA_LEVEL_HIGH
MAP	005F 004D	IPA_LEVEL_MID
MAP	005F 004C	IPA_LEVEL_LOW
MAP	005F 0042	IPA_LEVEL_EXTRA_LOW
MAP	0021	IPA_LEVEL_DOWNSTEP
MAP	005E	IPA_LEVEL_UPSTEP
MAP	005F 0052	IPA_CONTOUR_RISING
MAP	005F 0046	IPA_CONTOUR_FALLING
MAP	005F 0048 005F 0054	IPA_CONTOUR_HIGH_RISING
MAP	005F 0042 005F 004C	IPA_CONTOUR_LOW_RISING
MAP	005F 0052 005F 0046	IPA_CONTOUR_RISING_FALLING
MAP	003C 0052 003E	IPA_CONTOUR_GLOBAL_RISE
MAP	003C 0046 003E	IPA_CONTOUR_GLOBAL_FALL
MAP	005F 0030	IPA_DIACRITIC_VOICELESS
MAP	005F 0076	IPA_DIACRITIC_VOICED
MAP	005F 0068	IPA_DIACRITIC_ASPIRATED
MAP	005F 004F	IPA_DIACRITIC_MORE_ROUNDED
MAP	005F 0063	IPA_DIACRITIC_LESS_ROUNDED
MAP	005F 002B	IPA_DIACRITIC_ADVANCED
MAP	005F 002D	IPA_DIACRITIC_RETRACTED
MAP	005F 0022	IPA_DIACRITIC_CENTRALIZED
MAP	005F 0078	IPA_DIACRITIC_MID_CENTRALIZED
MAP	003D	IPA_DIACRITIC_SYLLABIC
MAP	005F 005E	IPA_DIACRITIC_NONSYLLABIC
MAP	0060	IPA_DIACRITIC_RHOTICITY
MAP	005F 0074	IPA_DIACRITIC_BREATHY_VOICED
MAP	005F 006B	IPA_DIACRITIC_CREAKY_VOICED
MAP	005F 004E	IPA_DIACRITIC_LINGUOLABIAL
MAP	005F 0077	IPA_DIACRITIC_LABIALIZED
MAP	0027	IPA_DIACRITIC_PALATALIZED
MAP	005F 0047	IPA_DIACRITIC_VELARIZED
MAP	005F 003F 005C	IPA_DIACRITIC_PHARYNGEALIZED
MAP	005F 0065	IPA_DIACRITIC_VELARIZED_PHARYNGEALIZED
MAP	005F 0072	IPA_DIACRITIC_RAISED
MAP	005F 006F	IPA_DIACRITIC_LOWERED
MAP	005F 0041	IPA_DIACRITIC_ADVANCED_TONGUE_ROOT
MAP	005F 0071	IPA_DIACRITIC_RETRACTED_TONGUE_ROOT
MAP	005F 0064	IPA_DIACRITIC_DENTAL
MAP	005F 0061	IPA_DIACRITIC_APICAL
MAP	005F 006D	IPA_DIACRITIC_LAMINAL
MAP	007E	IPA_DIACRITIC_NASALIZED
MAP	005F 006E	IPA_DIACRITIC_NASAL_RELEASE
MAP	005F 006C	IPA_DIACRITIC_LATERAL_RELEASE
MAP	005F 007D	IPA_DIACRITIC_NO_AUDIBLE_RELEASE
