NAME	Phaistos Disc UCS
ALIAS	Phaistos Disc Unicode
ALIAS	Phaistos Disc SMP
COMMENT	The Phaistos Disc script is encoded in the Phaistos Disc block of the SMP (code points U+101D0-U+101FF).
007C	PHAISTOS_DISC_VERTICAL_BAR
00A6	PHAISTOS_DISC_BROKEN_BAR
101D0	PHAISTOS_DISC_SIGN_PEDESTRIAN
101D1	PHAISTOS_DISC_SIGN_PLUMED_HEAD
101D2	PHAISTOS_DISC_SIGN_TATTOOED_HEAD
101D3	PHAISTOS_DISC_SIGN_CAPTIVE
101D4	PHAISTOS_DISC_SIGN_CHILD
101D5	PHAISTOS_DISC_SIGN_WOMAN
101D6	PHAISTOS_DISC_SIGN_HELMET
101D7	PHAISTOS_DISC_SIGN_GAUNTLET
101D8	PHAISTOS_DISC_SIGN_TIARA
101D9	PHAISTOS_DISC_SIGN_ARROW
101DA	PHAISTOS_DISC_SIGN_BOW
101DB	PHAISTOS_DISC_SIGN_SHIELD
101DC	PHAISTOS_DISC_SIGN_CLUB
101DD	PHAISTOS_DISC_SIGN_MANACLES
101DE	PHAISTOS_DISC_SIGN_MATTOCK
101DF	PHAISTOS_DISC_SIGN_SAW
101E0	PHAISTOS_DISC_SIGN_LID
101E1	PHAISTOS_DISC_SIGN_BOOMERANG
101E2	PHAISTOS_DISC_SIGN_CARPENTRY_PLANE
101E3	PHAISTOS_DISC_SIGN_DOLIUM
101E4	PHAISTOS_DISC_SIGN_COMB
101E5	PHAISTOS_DISC_SIGN_SLING
101E6	PHAISTOS_DISC_SIGN_COLUMN
101E7	PHAISTOS_DISC_SIGN_BEEHIVE
101E8	PHAISTOS_DISC_SIGN_SHIP
101E9	PHAISTOS_DISC_SIGN_HORN
101EA	PHAISTOS_DISC_SIGN_HIDE
101EB	PHAISTOS_DISC_SIGN_BULLS_LEG
101EC	PHAISTOS_DISC_SIGN_CAT
101ED	PHAISTOS_DISC_SIGN_RAM
101EE	PHAISTOS_DISC_SIGN_EAGLE
101EF	PHAISTOS_DISC_SIGN_DOVE
101F0	PHAISTOS_DISC_SIGN_TUNNY
101F1	PHAISTOS_DISC_SIGN_BEE
101F2	PHAISTOS_DISC_SIGN_PLANE_TREE
101F3	PHAISTOS_DISC_SIGN_VINE
101F4	PHAISTOS_DISC_SIGN_PAPYRUS
101F5	PHAISTOS_DISC_SIGN_ROSETTE
101F6	PHAISTOS_DISC_SIGN_LILY
101F7	PHAISTOS_DISC_SIGN_OX_BACK
101F8	PHAISTOS_DISC_SIGN_FLUTE
101F9	PHAISTOS_DISC_SIGN_GRATER
101FA	PHAISTOS_DISC_SIGN_STRAINER
101FB	PHAISTOS_DISC_SIGN_SMALL_AXE
101FC	PHAISTOS_DISC_SIGN_WAVY_BAND
101FD	PHAISTOS_DISC_SIGN_COMBINING_OBLIQUE_STROKE
101FE
101FF
