NAME	Phaistos Disc CSUR
ALIAS	Phaistos Disc BMP
COMMENT	The Phaistos Disc script is encoded in the Private Use Area of the BMP (code points U+E6D0-U+E6FF).
E6D0	PHAISTOS_DISC_SIGN_PEDESTRIAN
E6D1	PHAISTOS_DISC_SIGN_PLUMED_HEAD
E6D2	PHAISTOS_DISC_SIGN_TATTOOED_HEAD
E6D3	PHAISTOS_DISC_SIGN_CAPTIVE
E6D4	PHAISTOS_DISC_SIGN_CHILD
E6D5	PHAISTOS_DISC_SIGN_WOMAN
E6D6	PHAISTOS_DISC_SIGN_HELMET
E6D7	PHAISTOS_DISC_SIGN_GAUNTLET
E6D8	PHAISTOS_DISC_SIGN_TIARA
E6D9	PHAISTOS_DISC_SIGN_ARROW
E6DA	PHAISTOS_DISC_SIGN_BOW
E6DB	PHAISTOS_DISC_SIGN_SHIELD
E6DC	PHAISTOS_DISC_SIGN_CLUB
E6DD	PHAISTOS_DISC_SIGN_MANACLES
E6DE	PHAISTOS_DISC_SIGN_MATTOCK
E6DF	PHAISTOS_DISC_SIGN_SAW
E6E0	PHAISTOS_DISC_SIGN_LID
E6E1	PHAISTOS_DISC_SIGN_BOOMERANG
E6E2	PHAISTOS_DISC_SIGN_CARPENTRY_PLANE
E6E3	PHAISTOS_DISC_SIGN_DOLIUM
E6E4	PHAISTOS_DISC_SIGN_COMB
E6E5	PHAISTOS_DISC_SIGN_SLING
E6E6	PHAISTOS_DISC_SIGN_COLUMN
E6E7	PHAISTOS_DISC_SIGN_BEEHIVE
E6E8	PHAISTOS_DISC_SIGN_SHIP
E6E9	PHAISTOS_DISC_SIGN_HORN
E6EA	PHAISTOS_DISC_SIGN_HIDE
E6EB	PHAISTOS_DISC_SIGN_BULLS_LEG
E6EC	PHAISTOS_DISC_SIGN_CAT
E6ED	PHAISTOS_DISC_SIGN_RAM
E6EE	PHAISTOS_DISC_SIGN_EAGLE
E6EF	PHAISTOS_DISC_SIGN_DOVE
E6F0	PHAISTOS_DISC_SIGN_TUNNY
E6F1	PHAISTOS_DISC_SIGN_BEE
E6F2	PHAISTOS_DISC_SIGN_PLANE_TREE
E6F3	PHAISTOS_DISC_SIGN_VINE
E6F4	PHAISTOS_DISC_SIGN_PAPYRUS
E6F5	PHAISTOS_DISC_SIGN_ROSETTE
E6F6	PHAISTOS_DISC_SIGN_LILY
E6F7	PHAISTOS_DISC_SIGN_OX_BACK
E6F8	PHAISTOS_DISC_SIGN_FLUTE
E6F9	PHAISTOS_DISC_SIGN_GRATER
E6FA	PHAISTOS_DISC_SIGN_STRAINER
E6FB	PHAISTOS_DISC_SIGN_SMALL_AXE
E6FC	PHAISTOS_DISC_SIGN_WAVY_BAND
E6FD	PHAISTOS_DISC_SIGN_COMBINING_OBLIQUE_STROKE
E6FE	PHAISTOS_DISC_VERTICAL_BAR
E6FF	PHAISTOS_DISC_BROKEN_BAR
