NAME	Shavian UCS
ALIAS	Shavian Unicode
ALIAS	Shavian SMP
COMMENT	The Shavian script is encoded in the Shavian block of the SMP (code points U+10450-U+1047F).
10450	SHAVIAN_LETTER_PEEP
10451	SHAVIAN_LETTER_TOT
10452	SHAVIAN_LETTER_KICK
10453	SHAVIAN_LETTER_FEE
10454	SHAVIAN_LETTER_THIGH
10455	SHAVIAN_LETTER_SO
10456	SHAVIAN_LETTER_SURE
10457	SHAVIAN_LETTER_CHURCH
10458	SHAVIAN_LETTER_YEA
10459	SHAVIAN_LETTER_HUNG
1045A	SHAVIAN_LETTER_BIB
1045B	SHAVIAN_LETTER_DEAD
1045C	SHAVIAN_LETTER_GAG
1045D	SHAVIAN_LETTER_VOW
1045E	SHAVIAN_LETTER_THEY
1045F	SHAVIAN_LETTER_ZOO
10460	SHAVIAN_LETTER_MEASURE
10461	SHAVIAN_LETTER_JUDGE
10462	SHAVIAN_LETTER_WOE
10463	SHAVIAN_LETTER_HAHA
10464	SHAVIAN_LETTER_LOLL
10465	SHAVIAN_LETTER_MIME
10466	SHAVIAN_LETTER_IF
10467	SHAVIAN_LETTER_EGG
10468	SHAVIAN_LETTER_ASH
10469	SHAVIAN_LETTER_ADO
1046A	SHAVIAN_LETTER_ON
1046B	SHAVIAN_LETTER_WOOL
1046C	SHAVIAN_LETTER_OUT
1046D	SHAVIAN_LETTER_AH
1046E	SHAVIAN_LETTER_ROAR
1046F	SHAVIAN_LETTER_NUN
10470	SHAVIAN_LETTER_EAT
10471	SHAVIAN_LETTER_AGE
10472	SHAVIAN_LETTER_ICE
10473	SHAVIAN_LETTER_UP
10474	SHAVIAN_LETTER_OAK
10475	SHAVIAN_LETTER_OOZE
10476	SHAVIAN_LETTER_OIL
10477	SHAVIAN_LETTER_AWE
10478	SHAVIAN_LETTER_ARE
10479	SHAVIAN_LETTER_OR
1047A	SHAVIAN_LETTER_AIR
1047B	SHAVIAN_LETTER_ERR
1047C	SHAVIAN_LETTER_ARRAY
1047D	SHAVIAN_LETTER_EAR
1047E	SHAVIAN_LETTER_IAN
1047F	SHAVIAN_LETTER_YEW
