NAME	Shavian CSUR
ALIAS	Shavian BMP
COMMENT	The Shavian script is encoded in the Private Use Area of the BMP (code points U+E700-U+E72F).
E700	SHAVIAN_LETTER_PEEP
E701	SHAVIAN_LETTER_TOT
E702	SHAVIAN_LETTER_KICK
E703	SHAVIAN_LETTER_FEE
E704	SHAVIAN_LETTER_THIGH
E705	SHAVIAN_LETTER_SO
E706	SHAVIAN_LETTER_SURE
E707	SHAVIAN_LETTER_CHURCH
E708	SHAVIAN_LETTER_YEA
E709	SHAVIAN_LETTER_HUNG
E70A	SHAVIAN_LETTER_BIB
E70B	SHAVIAN_LETTER_DEAD
E70C	SHAVIAN_LETTER_GAG
E70D	SHAVIAN_LETTER_VOW
E70E	SHAVIAN_LETTER_THEY
E70F	SHAVIAN_LETTER_ZOO
E710	SHAVIAN_LETTER_MEASURE
E711	SHAVIAN_LETTER_JUDGE
E712	SHAVIAN_LETTER_WOE
E713	SHAVIAN_LETTER_HAHA
E714	SHAVIAN_LETTER_LOLL
E715	SHAVIAN_LETTER_MIME
E716	SHAVIAN_LETTER_IF
E717	SHAVIAN_LETTER_EGG
E718	SHAVIAN_LETTER_ASH
E719	SHAVIAN_LETTER_ADO
E71A	SHAVIAN_LETTER_ON
E71B	SHAVIAN_LETTER_WOOL
E71C	SHAVIAN_LETTER_OUT
E71D	SHAVIAN_LETTER_AH
E71E	SHAVIAN_LETTER_ROAR
E71F	SHAVIAN_LETTER_NUN
E720	SHAVIAN_LETTER_EAT
E721	SHAVIAN_LETTER_AGE
E722	SHAVIAN_LETTER_ICE
E723	SHAVIAN_LETTER_UP
E724	SHAVIAN_LETTER_OAK
E725	SHAVIAN_LETTER_OOZE
E726	SHAVIAN_LETTER_OIL
E727	SHAVIAN_LETTER_AWE
E728	SHAVIAN_LETTER_ARE
E729	SHAVIAN_LETTER_OR
E72A	SHAVIAN_LETTER_AIR
E72B	SHAVIAN_LETTER_ERR
E72C	SHAVIAN_LETTER_ARRAY
E72D	SHAVIAN_LETTER_EAR
E72E	SHAVIAN_LETTER_IAN
E72F	SHAVIAN_LETTER_YEW
