NAME	Sylabica 2013
COMMENT	The Sylabica script is encoded at code points U+E650-U+E67F using the revised encoding from January 2013.
E650	SYLABICA_LETTER_I
E651	SYLABICA_LETTER_HARD_I
E652	SYLABICA_LETTER_E
E653	SYLABICA_LETTER_HARD_E
E654	SYLABICA_LETTER_ENG
E655	SYLABICA_LETTER_ONG
E656	SYLABICA_LETTER_A
E657	SYLABICA_LETTER_O
E658	SYLABICA_LETTER_OO
E659	SYLABICA_LETTER_U
E65A	SYLABICA_LETTER_P
E65B	SYLABICA_LETTER_B
E65C	SYLABICA_LETTER_F
E65D	SYLABICA_LETTER_V
E65E	SYLABICA_LETTER_T
E65F	SYLABICA_LETTER_SOFT_CH
E660	SYLABICA_LETTER_D
E661	SYLABICA_LETTER_SOFT_J
E662	SYLABICA_LETTER_S
E663	SYLABICA_LETTER_SOFT_SH
E664	SYLABICA_LETTER_Z
E665	SYLABICA_LETTER_SOFT_ZH
E666	SYLABICA_LETTER_K
E667	SYLABICA_LETTER_TS
E668	SYLABICA_LETTER_HARD_CH
E669	SYLABICA_LETTER_G
E66A	SYLABICA_LETTER_DZ
E66B	SYLABICA_LETTER_HARD_J
E66C	SYLABICA_LETTER_KH
E66D	SYLABICA_LETTER_HARD_SH
E66E	SYLABICA_LETTER_H
E66F	SYLABICA_LETTER_HARD_ZH
E670	SYLABICA_LETTER_M
E671	SYLABICA_LETTER_N
E672	SYLABICA_LETTER_R
E673	SYLABICA_LETTER_RZH
E674	SYLABICA_LETTER_LW
E675	SYLABICA_LETTER_L
E676	SYLABICA_LETTER_Y
E677	SYLABICA_LETTER_W
E678	SYLABICA_SOFTENER
E679
E67A
E67B
E67C
E67D
E67E
E67F
