NAME	Tengwar 1998 CSUR
ALIAS	Tengwar 1998 BMP
ALIAS	Tengwar CSUR 1998
ALIAS	Tengwar BMP 1998
COMMENT	The Tengwar script is encoded in the Private Use Area of the BMP (code points U+E000-U+E07F) using the 1998 proposal.
E000	TENGWAR_TINCO
E001	TENGWAR_PARMA
E002	TENGWAR_CALMA
E003	TENGWAR_QUESSE
E004	TENGWAR_ANDO
E005	TENGWAR_UMBAR
E006	TENGWAR_ANGA
E007	TENGWAR_UNGWE
E008	TENGWAR_THUULE
E009	TENGWAR_FORMEN
E00A	TENGWAR_HARMA
E00B	TENGWAR_HWESTA
E00C	TENGWAR_ANTO
E00D	TENGWAR_AMPA
E00E	TENGWAR_ANCA
E00F	TENGWAR_UNQUE
E010	TENGWAR_NUUMEN
E011	TENGWAR_MALTA
E012	TENGWAR_NOLDO
E013	TENGWAR_NWALME
E014	TENGWAR_OORE
E015	TENGWAR_VALA
E016	TENGWAR_ANNA
E017	TENGWAR_VILYA
E018	TENGWAR_ROOMEN
E019	TENGWAR_ARDA
E01A	TENGWAR_LAMBE
E01B	TENGWAR_ALDA
E01C	TENGWAR_SILME
E01D	TENGWAR_SILME_NUQUERNA
E01E	TENGWAR_AARE
E01F	TENGWAR_AARE_NUQUERNA
E020	TENGWAR_HYARMEN
E021	TENGWAR_HWESTA_SINDARINWA
E022	TENGWAR_YANTA
E023	TENGWAR_UURE
E024	TENGWAR_HALLA
E025	TENGWAR_SHORT_CARRIER
E026	TENGWAR_LONG_CARRIER
E027	TENGWAR_ANNA_SINDARINWA
E028	TENGWAR_EXTENDED_TINCO
E029	TENGWAR_EXTENDED_PARMA
E02A	TENGWAR_EXTENDED_CALMA
E02B	TENGWAR_EXTENDED_QUESSE
E02C	TENGWAR_EXTENDED_ANDO
E02D	TENGWAR_EXTENDED_UMBAR
E02E	TENGWAR_EXTENDED_ANGA
E02F	TENGWAR_EXTENDED_UNGUE
E030	TENGWAR_STEMLESS_OORE
E031	TENGWAR_STEMLESS_VALA
E032	TENGWAR_STEMLESS_ANNA
E033	TENGWAR_STEMLESS_VILYA
E034
E035
E036
E037
E038
E039
E03A
E03B
E03C
E03D
E03E
E03F
E040	TENGWAR_THREE_DOTS_ABOVE
E041	TENGWAR_THREE_DOTS_BELOW
E042	TENGWAR_TWO_DOTS_ABOVE
E043	TENGWAR_TWO_DOTS_BELOW
E044	TENGWAR_AMATICSE
E045	TENGWAR_NUNTICSE
E046	TENGWAR_ACUTE
E047	TENGWAR_DOUBLE_ACUTE
E048	TENGWAR_RIGHT_CURL
E049	TENGWAR_DOUBLE_RIGHT_CURL
E04A	TENGWAR_LEFT_CURL
E04B	TENGWAR_DOUBLE_LEFT_CURL
E04C	TENGWAR_NASALIZER
E04D	TENGWAR_DOUBLER
E04E	TENGWAR_TILDE
E04F	TENGWAR_BREVE
E050	TENGWAR_PUSTA
E051	TENGWAR_DOUBLE_PUSTA
E052	TENGWAR_EXCLAMATION_MARK
E053	TENGWAR_QUESTION_MARK
E054	TENGWAR_SECTION_MARK
E055	TENGWAR_DOUBLE_SECTION_MARK
E056	TENGWAR_LONG_CARRIER_BELOW
E057	TENGWAR_DOUBLE_ACUTE_BELOW
E058	TENGWAR_RIGHT_CURL_BELOW
E059
E05A	TENGWAR_LEFT_CURL_BELOW
E05B
E05C	TENGWAR_LEFT_FOLLOWING_SILME
E05D	TENGWAR_RIGHT_FOLLOWING_SILME
E05E
E05F
E060	TENGWAR_ZERO
E061	TENGWAR_ONE
E062	TENGWAR_TWO
E063	TENGWAR_THREE
E064	TENGWAR_FOUR
E065	TENGWAR_FIVE
E066	TENGWAR_SIX
E067	TENGWAR_SEVEN
E068	TENGWAR_EIGHT
E069	TENGWAR_NINE
E06A	TENGWAR_TEN
E06B	TENGWAR_ELEVEN
E06C	TENGWAR_DECIMAL_BASE_MARK
E06D	TENGWAR_DUODECIMAL_BASE_MARK
E06E	TENGWAR_LEAST_SIGNIFICANT_DIGIT_MARK
E06F
E070
E071
E072
E073
E074
E075
E076
E077
E078
E079
E07A
E07B
E07C
E07D
E07E
E07F
