NAME	Tengwar 2001 CSUR
ALIAS	Tengwar 2001 BMP
ALIAS	Tengwar CSUR 2001
ALIAS	Tengwar BMP 2001
COMMENT	The Tengwar script is encoded in the Private Use Area of the BMP (code points U+E000-U+E07F) using the 2001 proposal.
E000	TENGWAR_TINCO
E001	TENGWAR_PARMA
E002	TENGWAR_CALMA
E003	TENGWAR_QUESSE
E004	TENGWAR_ANDO
E005	TENGWAR_UMBAR
E006	TENGWAR_ANGA
E007	TENGWAR_UNGWE
E008	TENGWAR_THUULE
E009	TENGWAR_FORMEN
E00A	TENGWAR_HARMA
E00B	TENGWAR_HWESTA
E00C	TENGWAR_ANTO
E00D	TENGWAR_AMPA
E00E	TENGWAR_ANCA
E00F	TENGWAR_UNQUE
E010	TENGWAR_NUUMEN
E011	TENGWAR_MALTA
E012	TENGWAR_NOLDO
E013	TENGWAR_NWALME
E014	TENGWAR_OORE
E015	TENGWAR_VALA
E016	TENGWAR_ANNA
E017	TENGWAR_VILYA
E018	TENGWAR_EXTENDED_TINCO
E019	TENGWAR_EXTENDED_PARMA
E01A	TENGWAR_EXTENDED_CALMA
E01B	TENGWAR_EXTENDED_QUESSE
E01C	TENGWAR_EXTENDED_ANDO
E01D	TENGWAR_EXTENDED_UMBAR
E01E	TENGWAR_EXTENDED_ANGA
E01F	TENGWAR_EXTENDED_UNGUE
E020	TENGWAR_ROOMEN
E021	TENGWAR_ARDA
E022	TENGWAR_LAMBE
E023	TENGWAR_ALDA
E024	TENGWAR_SILME
E025	TENGWAR_SILME_NUQUERNA
E026	TENGWAR_AARE
E027	TENGWAR_AARE_NUQUERNA
E028	TENGWAR_HYARMEN
E029	TENGWAR_HWESTA_SINDARINWA
E02A	TENGWAR_YANTA
E02B	TENGWAR_UURE
E02C	TENGWAR_LONG_CARRIER
E02D	TENGWAR_HALLA
E02E	TENGWAR_SHORT_CARRIER
E02F
E030	TENGWAR_STEMLESS_OORE
E031	TENGWAR_STEMLESS_VALA
E032	TENGWAR_STEMLESS_ANNA
E033	TENGWAR_STEMLESS_VILYA
E034	TENGWAR_LIGATING_SHORT_CARRIER
E035	TENGWAR_ANNA_SINDARINWA
E036	TENGWAR_OPEN_ANNA
E037	TENGWAR_REVERSED_PARMA
E038	TENGWAR_REVERSED_FORMEN
E039	TENGWAR_TALL_STEMLESS_VALA
E03A	TENGWAR_MH
E03B	TENGWAR_BELERIANDIC_MH
E03C	TENGWAR_LOWDHAM_HW
E03D	TENGWAR_VAIYA
E03E
E03F
E040	TENGWAR_THREE_DOTS_ABOVE
E041	TENGWAR_THREE_DOTS_BELOW
E042	TENGWAR_TWO_DOTS_ABOVE
E043	TENGWAR_TWO_DOTS_BELOW
E044	TENGWAR_AMATICSE
E045	TENGWAR_NUNTICSE
E046	TENGWAR_ACUTE
E047	TENGWAR_ACUTE_BELOW
E048	TENGWAR_DOUBLE_ACUTE
E049	TENGWAR_DOUBLE_ACUTE_BELOW
E04A	TENGWAR_RIGHT_CURL
E04B	TENGWAR_RIGHT_CURL_BELOW
E04C	TENGWAR_LEFT_CURL
E04D	TENGWAR_LEFT_CURL_BELOW
E04E	TENGWAR_DOUBLE_RIGHT_CURL
E04F	TENGWAR_DOUBLE_LEFT_CURL
E050	TENGWAR_NASALIZER
E051	TENGWAR_DOUBLER
E052	TENGWAR_TILDE
E053	TENGWAR_BREVE
E054	TENGWAR_GRAVE
E055	TENGWAR_YANTA_ABOVE
E056	TENGWAR_THREE_INVERTED_DOTS_ABOVE
E057	TENGWAR_LONG_CARRIER_BELOW
E058	TENGWAR_LEFT_FOLLOWING_SILME
E059	TENGWAR_RIGHT_FOLLOWING_SILME
E05A	TENGWAR_DOT_INSIDE
E05B
E05C
E05D
E05E
E05F
E060	TENGWAR_PUSTA
E061	TENGWAR_DOUBLE_PUSTA
E062	TENGWAR_TRIPLE_PUSTA
E063	TENGWAR_QUADRUPLE_PUSTA
E064	TENGWAR_QUINTUPLE_PUSTA
E065	TENGWAR_EXCLAMATION_MARK
E066	TENGWAR_QUESTION_MARK
E067	TENGWAR_PARENTHESIS_MARK
E068	TENGWAR_SECTION_MARK
E069	TENGWAR_DOUBLE_SECTION_MARK
E06A	TENGWAR_LEFT_QUOTATION_MARK
E06B	TENGWAR_RIGHT_QUOTATION_MARK
E06C	TENGWAR_THORIN_EXCLAMATION_MARK
E06D
E06E
E06F
E070	TENGWAR_ZERO
E071	TENGWAR_ONE
E072	TENGWAR_TWO
E073	TENGWAR_THREE
E074	TENGWAR_FOUR
E075	TENGWAR_FIVE
E076	TENGWAR_SIX
E077	TENGWAR_SEVEN
E078	TENGWAR_EIGHT
E079	TENGWAR_NINE
E07A	TENGWAR_TEN
E07B	TENGWAR_ELEVEN
E07C	TENGWAR_TWELVE
E07D	TENGWAR_LEAST_SIGNIFICANT_DIGIT_MARK
E07E
E07F
