NAME	Tengwar 1998 SMP
ALIAS	Tengwar SMP 1998
COMMENT	The Tengwar script is encoded in the proposed Tengwar block of the SMP (code points U+16080-U+160FF) using the 1998 proposal.
16080	TENGWAR_TINCO
16081	TENGWAR_PARMA
16082	TENGWAR_CALMA
16083	TENGWAR_QUESSE
16084	TENGWAR_ANDO
16085	TENGWAR_UMBAR
16086	TENGWAR_ANGA
16087	TENGWAR_UNGWE
16088	TENGWAR_THUULE
16089	TENGWAR_FORMEN
1608A	TENGWAR_HARMA
1608B	TENGWAR_HWESTA
1608C	TENGWAR_ANTO
1608D	TENGWAR_AMPA
1608E	TENGWAR_ANCA
1608F	TENGWAR_UNQUE
16090	TENGWAR_NUUMEN
16091	TENGWAR_MALTA
16092	TENGWAR_NOLDO
16093	TENGWAR_NWALME
16094	TENGWAR_OORE
16095	TENGWAR_VALA
16096	TENGWAR_ANNA
16097	TENGWAR_VILYA
16098	TENGWAR_ROOMEN
16099	TENGWAR_ARDA
1609A	TENGWAR_LAMBE
1609B	TENGWAR_ALDA
1609C	TENGWAR_SILME
1609D	TENGWAR_SILME_NUQUERNA
1609E	TENGWAR_AARE
1609F	TENGWAR_AARE_NUQUERNA
160A0	TENGWAR_HYARMEN
160A1	TENGWAR_HWESTA_SINDARINWA
160A2	TENGWAR_YANTA
160A3	TENGWAR_UURE
160A4	TENGWAR_HALLA
160A5	TENGWAR_SHORT_CARRIER
160A6	TENGWAR_LONG_CARRIER
160A7	TENGWAR_ANNA_SINDARINWA
160A8	TENGWAR_EXTENDED_TINCO
160A9	TENGWAR_EXTENDED_PARMA
160AA	TENGWAR_EXTENDED_CALMA
160AB	TENGWAR_EXTENDED_QUESSE
160AC	TENGWAR_EXTENDED_ANDO
160AD	TENGWAR_EXTENDED_UMBAR
160AE	TENGWAR_EXTENDED_ANGA
160AF	TENGWAR_EXTENDED_UNGUE
160B0	TENGWAR_STEMLESS_OORE
160B1	TENGWAR_STEMLESS_VALA
160B2	TENGWAR_STEMLESS_ANNA
160B3	TENGWAR_STEMLESS_VILYA
160B4
160B5
160B6
160B7
160B8
160B9
160BA
160BB
160BC
160BD
160BE
160BF
160C0	TENGWAR_THREE_DOTS_ABOVE
160C1	TENGWAR_THREE_DOTS_BELOW
160C2	TENGWAR_TWO_DOTS_ABOVE
160C3	TENGWAR_TWO_DOTS_BELOW
160C4	TENGWAR_AMATICSE
160C5	TENGWAR_NUNTICSE
160C6	TENGWAR_ACUTE
160C7	TENGWAR_DOUBLE_ACUTE
160C8	TENGWAR_RIGHT_CURL
160C9	TENGWAR_DOUBLE_RIGHT_CURL
160CA	TENGWAR_LEFT_CURL
160CB	TENGWAR_DOUBLE_LEFT_CURL
160CC	TENGWAR_NASALIZER
160CD	TENGWAR_DOUBLER
160CE	TENGWAR_TILDE
160CF	TENGWAR_BREVE
160D0	TENGWAR_PUSTA
160D1	TENGWAR_DOUBLE_PUSTA
160D2	TENGWAR_EXCLAMATION_MARK
160D3	TENGWAR_QUESTION_MARK
160D4	TENGWAR_SECTION_MARK
160D5	TENGWAR_DOUBLE_SECTION_MARK
160D6	TENGWAR_LONG_CARRIER_BELOW
160D7	TENGWAR_DOUBLE_ACUTE_BELOW
160D8	TENGWAR_RIGHT_CURL_BELOW
160D9
160DA	TENGWAR_LEFT_CURL_BELOW
160DB
160DC	TENGWAR_LEFT_FOLLOWING_SILME
160DD	TENGWAR_RIGHT_FOLLOWING_SILME
160DE
160DF
160E0	TENGWAR_ZERO
160E1	TENGWAR_ONE
160E2	TENGWAR_TWO
160E3	TENGWAR_THREE
160E4	TENGWAR_FOUR
160E5	TENGWAR_FIVE
160E6	TENGWAR_SIX
160E7	TENGWAR_SEVEN
160E8	TENGWAR_EIGHT
160E9	TENGWAR_NINE
160EA	TENGWAR_TEN
160EB	TENGWAR_ELEVEN
160EC	TENGWAR_DECIMAL_BASE_MARK
160ED	TENGWAR_DUODECIMAL_BASE_MARK
160EE	TENGWAR_LEAST_SIGNIFICANT_DIGIT_MARK
160EF
160F0
160F1
160F2
160F3
160F4
160F5
160F6
160F7
160F8
160F9
160FA
160FB
160FC
160FD
160FE
160FF
