NAME	Tengwar 2001 SMP
ALIAS	Tengwar SMP 2001
COMMENT	The Tengwar script is encoded in the proposed Tengwar block of the SMP (code points U+16080-U+160FF) using the 2001 proposal.
16080	TENGWAR_TINCO
16081	TENGWAR_PARMA
16082	TENGWAR_CALMA
16083	TENGWAR_QUESSE
16084	TENGWAR_ANDO
16085	TENGWAR_UMBAR
16086	TENGWAR_ANGA
16087	TENGWAR_UNGWE
16088	TENGWAR_THUULE
16089	TENGWAR_FORMEN
1608A	TENGWAR_HARMA
1608B	TENGWAR_HWESTA
1608C	TENGWAR_ANTO
1608D	TENGWAR_AMPA
1608E	TENGWAR_ANCA
1608F	TENGWAR_UNQUE
16090	TENGWAR_NUUMEN
16091	TENGWAR_MALTA
16092	TENGWAR_NOLDO
16093	TENGWAR_NWALME
16094	TENGWAR_OORE
16095	TENGWAR_VALA
16096	TENGWAR_ANNA
16097	TENGWAR_VILYA
16098	TENGWAR_EXTENDED_TINCO
16099	TENGWAR_EXTENDED_PARMA
1609A	TENGWAR_EXTENDED_CALMA
1609B	TENGWAR_EXTENDED_QUESSE
1609C	TENGWAR_EXTENDED_ANDO
1609D	TENGWAR_EXTENDED_UMBAR
1609E	TENGWAR_EXTENDED_ANGA
1609F	TENGWAR_EXTENDED_UNGUE
160A0	TENGWAR_ROOMEN
160A1	TENGWAR_ARDA
160A2	TENGWAR_LAMBE
160A3	TENGWAR_ALDA
160A4	TENGWAR_SILME
160A5	TENGWAR_SILME_NUQUERNA
160A6	TENGWAR_AARE
160A7	TENGWAR_AARE_NUQUERNA
160A8	TENGWAR_HYARMEN
160A9	TENGWAR_HWESTA_SINDARINWA
160AA	TENGWAR_YANTA
160AB	TENGWAR_UURE
160AC	TENGWAR_LONG_CARRIER
160AD	TENGWAR_HALLA
160AE	TENGWAR_SHORT_CARRIER
160AF
160B0	TENGWAR_STEMLESS_OORE
160B1	TENGWAR_STEMLESS_VALA
160B2	TENGWAR_STEMLESS_ANNA
160B3	TENGWAR_STEMLESS_VILYA
160B4	TENGWAR_LIGATING_SHORT_CARRIER
160B5	TENGWAR_ANNA_SINDARINWA
160B6	TENGWAR_OPEN_ANNA
160B7	TENGWAR_REVERSED_PARMA
160B8	TENGWAR_REVERSED_FORMEN
160B9	TENGWAR_TALL_STEMLESS_VALA
160BA	TENGWAR_MH
160BB	TENGWAR_BELERIANDIC_MH
160BC	TENGWAR_LOWDHAM_HW
160BD	TENGWAR_VAIYA
160BE
160BF
160C0	TENGWAR_THREE_DOTS_ABOVE
160C1	TENGWAR_THREE_DOTS_BELOW
160C2	TENGWAR_TWO_DOTS_ABOVE
160C3	TENGWAR_TWO_DOTS_BELOW
160C4	TENGWAR_AMATICSE
160C5	TENGWAR_NUNTICSE
160C6	TENGWAR_ACUTE
160C7	TENGWAR_ACUTE_BELOW
160C8	TENGWAR_DOUBLE_ACUTE
160C9	TENGWAR_DOUBLE_ACUTE_BELOW
160CA	TENGWAR_RIGHT_CURL
160CB	TENGWAR_RIGHT_CURL_BELOW
160CC	TENGWAR_LEFT_CURL
160CD	TENGWAR_LEFT_CURL_BELOW
160CE	TENGWAR_DOUBLE_RIGHT_CURL
160CF	TENGWAR_DOUBLE_LEFT_CURL
160D0	TENGWAR_NASALIZER
160D1	TENGWAR_DOUBLER
160D2	TENGWAR_TILDE
160D3	TENGWAR_BREVE
160D4	TENGWAR_GRAVE
160D5	TENGWAR_YANTA_ABOVE
160D6	TENGWAR_THREE_INVERTED_DOTS_ABOVE
160D7	TENGWAR_LONG_CARRIER_BELOW
160D8	TENGWAR_LEFT_FOLLOWING_SILME
160D9	TENGWAR_RIGHT_FOLLOWING_SILME
160DA	TENGWAR_DOT_INSIDE
160DB
160DC
160DD
160DE
160DF
160E0	TENGWAR_PUSTA
160E1	TENGWAR_DOUBLE_PUSTA
160E2	TENGWAR_TRIPLE_PUSTA
160E3	TENGWAR_QUADRUPLE_PUSTA
160E4	TENGWAR_QUINTUPLE_PUSTA
160E5	TENGWAR_EXCLAMATION_MARK
160E6	TENGWAR_QUESTION_MARK
160E7	TENGWAR_PARENTHESIS_MARK
160E8	TENGWAR_SECTION_MARK
160E9	TENGWAR_DOUBLE_SECTION_MARK
160EA	TENGWAR_LEFT_QUOTATION_MARK
160EB	TENGWAR_RIGHT_QUOTATION_MARK
160EC	TENGWAR_THORIN_EXCLAMATION_MARK
160ED
160EE
160EF
160F0	TENGWAR_ZERO
160F1	TENGWAR_ONE
160F2	TENGWAR_TWO
160F3	TENGWAR_THREE
160F4	TENGWAR_FOUR
160F5	TENGWAR_FIVE
160F6	TENGWAR_SIX
160F7	TENGWAR_SEVEN
160F8	TENGWAR_EIGHT
160F9	TENGWAR_NINE
160FA	TENGWAR_TEN
160FB	TENGWAR_ELEVEN
160FC	TENGWAR_TWELVE
160FD	TENGWAR_LEAST_SIGNIFICANT_DIGIT_MARK
160FE
160FF
