NAME	Unifon Nishiki-teki
COMMENT	The Unifon script is encoded at code points U+E6D8-U+E72F and U+E740-U+E767 as assigned in the Nishiki-teki font.
E6D8	UNIFON_LETTER_CHILL
E6D9	UNIFON_LETTER_CELL
E6DA	UNIFON_LETTER_BUR
E6DB	UNIFON_LETTER_BIT
E6DC	UNIFON_LETTER_BITE
E6DD	UNIFON_LETTER_LIE_WITH_STROKE
E6DE	UNIFON_LETTER_BOY
E6DF	UNIFON_LETTER_THERE
E6E0	UNIFON_LETTER_THIRST
E6E1	UNIFON_LETTER_TLO
E6E2	UNIFON_LETTER_KHAH
E6E3	UNIFON_LETTER_EWE
E6E4	UNIFON_LETTER_CHAY
E6E6	UNIFON_LETTER_OUT
E6E7	UNIFON_LETTER_JAY
E6EC	UNIFON_LETTER_HAH
E6ED	UNIFON_LETTER_KAH
E6EE	UNIFON_LETTER_GHAH
E6EF	UNIFON_LETTER_XAH
E6F0	UNIFON_SMALL_LETTER_ADD
E6F1	UNIFON_SMALL_LETTER_ALE
E6F2	UNIFON_SMALL_LETTER_ALL
E6F3	UNIFON_SMALL_LETTER_BAN
E6F4	UNIFON_SMALL_LETTER_CHUM
E6F5	UNIFON_SMALL_LETTER_DIG
E6F6	UNIFON_SMALL_LETTER_EVERY
E6F7	UNIFON_SMALL_LETTER_EVIL
E6F8	UNIFON_SMALL_LETTER_HER
E6F9	UNIFON_SMALL_LETTER_FLY
E6FA	UNIFON_SMALL_LETTER_GO
E6FB	UNIFON_SMALL_LETTER_HOME
E6FC	UNIFON_SMALL_LETTER_IT
E6FD	UNIFON_SMALL_LETTER_ICE
E6FE	UNIFON_SMALL_LETTER_JAM
E6FF	UNIFON_SMALL_LETTER_KISS
E700	UNIFON_SMALL_LETTER_LIE
E701	UNIFON_SMALL_LETTER_MY
E702	UNIFON_SMALL_LETTER_NO
E703	UNIFON_SMALL_LETTER_SING
E704	UNIFON_SMALL_LETTER_GOT
E705	UNIFON_SMALL_LETTER_OVER
E706	UNIFON_SMALL_LETTER_BOOK
E707	UNIFON_SMALL_LETTER_NOW
E708	UNIFON_SMALL_LETTER_TOY
E709	UNIFON_SMALL_LETTER_PUN
E70A	UNIFON_SMALL_LETTER_RUN
E70B	UNIFON_SMALL_LETTER_SUN
E70C	UNIFON_SMALL_LETTER_SHUN
E70D	UNIFON_SMALL_LETTER_TON
E70E	UNIFON_SMALL_LETTER_THE
E70F	UNIFON_SMALL_LETTER_THING
E710	UNIFON_SMALL_LETTER_UP
E711	UNIFON_SMALL_LETTER_DO
E712	UNIFON_SMALL_LETTER_YOU
E713	UNIFON_SMALL_LETTER_VERY
E714	UNIFON_SMALL_LETTER_WIT
E715	UNIFON_SMALL_LETTER_VISION
E716	UNIFON_SMALL_LETTER_YES
E717	UNIFON_SMALL_LETTER_ZEBRA
E718	UNIFON_SMALL_LETTER_CHILL
E719	UNIFON_SMALL_LETTER_CELL
E71A	UNIFON_SMALL_LETTER_BUR
E71B	UNIFON_SMALL_LETTER_BIT
E71C	UNIFON_SMALL_LETTER_BITE
E71D	UNIFON_SMALL_LETTER_LIE_WITH_STROKE
E71E	UNIFON_SMALL_LETTER_BOY
E71F	UNIFON_SMALL_LETTER_THERE
E720	UNIFON_SMALL_LETTER_THIRST
E721	UNIFON_SMALL_LETTER_TLO
E722	UNIFON_SMALL_LETTER_KHAH
E723	UNIFON_SMALL_LETTER_EWE
E724	UNIFON_SMALL_LETTER_CHAY
E726	UNIFON_SMALL_LETTER_OUT
E727	UNIFON_SMALL_LETTER_JAY
E72C	UNIFON_SMALL_LETTER_HAH
E72D	UNIFON_SMALL_LETTER_KAH
E72E	UNIFON_SMALL_LETTER_GHAH
E72F	UNIFON_SMALL_LETTER_XAH
E740	UNIFON_LETTER_ADD
E741	UNIFON_LETTER_ALE
E742	UNIFON_LETTER_ALL
E743	UNIFON_LETTER_BAN
E744	UNIFON_LETTER_CHUM
E745	UNIFON_LETTER_DIG
E746	UNIFON_LETTER_EVERY
E747	UNIFON_LETTER_EVIL
E748	UNIFON_LETTER_HER
E749	UNIFON_LETTER_FLY
E74A	UNIFON_LETTER_GO
E74B	UNIFON_LETTER_HOME
E74C	UNIFON_LETTER_IT
E74D	UNIFON_LETTER_ICE
E74E	UNIFON_LETTER_JAM
E74F	UNIFON_LETTER_KISS
E750	UNIFON_LETTER_LIE
E751	UNIFON_LETTER_MY
E752	UNIFON_LETTER_NO
E753	UNIFON_LETTER_SING
E754	UNIFON_LETTER_GOT
E755	UNIFON_LETTER_OVER
E756	UNIFON_LETTER_BOOK
E757	UNIFON_LETTER_NOW
E758	UNIFON_LETTER_TOY
E759	UNIFON_LETTER_PUN
E75A	UNIFON_LETTER_RUN
E75B	UNIFON_LETTER_SUN
E75C	UNIFON_LETTER_SHUN
E75D	UNIFON_LETTER_TON
E75E	UNIFON_LETTER_THE
E75F	UNIFON_LETTER_THING
E760	UNIFON_LETTER_UP
E761	UNIFON_LETTER_DO
E762	UNIFON_LETTER_YOU
E763	UNIFON_LETTER_VERY
E764	UNIFON_LETTER_WIT
E765	UNIFON_LETTER_VISION
E766	UNIFON_LETTER_YES
E767	UNIFON_LETTER_ZEBRA
