NAME	Unifon Evertype
COMMENT	The Unifon script is encoded at code points U+E740-U+E767 and U+E770-U+E797 as assigned in the Everson Mono font.
E740	UNIFON_LETTER_ADD
E741	UNIFON_LETTER_ALE
E742	UNIFON_LETTER_ALL
E743	UNIFON_LETTER_BAN
E744	UNIFON_LETTER_CHUM
E745	UNIFON_LETTER_DIG
E746	UNIFON_LETTER_EVERY
E747	UNIFON_LETTER_EVIL
E748	UNIFON_LETTER_HER
E749	UNIFON_LETTER_FLY
E74A	UNIFON_LETTER_GO
E74B	UNIFON_LETTER_HOME
E74C	UNIFON_LETTER_IT
E74D	UNIFON_LETTER_ICE
E74E	UNIFON_LETTER_JAM
E74F	UNIFON_LETTER_KISS
E750	UNIFON_LETTER_LIE
E751	UNIFON_LETTER_MY
E752	UNIFON_LETTER_NO
E753	UNIFON_LETTER_SING
E754	UNIFON_LETTER_GOT
E755	UNIFON_LETTER_OVER
E756	UNIFON_LETTER_BOOK
E757	UNIFON_LETTER_NOW
E758	UNIFON_LETTER_TOY
E759	UNIFON_LETTER_PUN
E75A	UNIFON_LETTER_RUN
E75B	UNIFON_LETTER_SUN
E75C	UNIFON_LETTER_SHUN
E75D	UNIFON_LETTER_TON
E75E	UNIFON_LETTER_THE
E75F	UNIFON_LETTER_THING
E760	UNIFON_LETTER_UP
E761	UNIFON_LETTER_DO
E762	UNIFON_LETTER_YOU
E763	UNIFON_LETTER_VERY
E764	UNIFON_LETTER_WIT
E765	UNIFON_LETTER_VISION
E766	UNIFON_LETTER_YES
E767	UNIFON_LETTER_ZEBRA
E770	UNIFON_SMALL_LETTER_ADD
E771	UNIFON_SMALL_LETTER_ALE
E772	UNIFON_SMALL_LETTER_ALL
E773	UNIFON_SMALL_LETTER_BAN
E774	UNIFON_SMALL_LETTER_CHUM
E775	UNIFON_SMALL_LETTER_DIG
E776	UNIFON_SMALL_LETTER_EVERY
E777	UNIFON_SMALL_LETTER_EVIL
E778	UNIFON_SMALL_LETTER_HER
E779	UNIFON_SMALL_LETTER_FLY
E77A	UNIFON_SMALL_LETTER_GO
E77B	UNIFON_SMALL_LETTER_HOME
E77C	UNIFON_SMALL_LETTER_IT
E77D	UNIFON_SMALL_LETTER_ICE
E77E	UNIFON_SMALL_LETTER_JAM
E77F	UNIFON_SMALL_LETTER_KISS
E780	UNIFON_SMALL_LETTER_LIE
E781	UNIFON_SMALL_LETTER_MY
E782	UNIFON_SMALL_LETTER_NO
E783	UNIFON_SMALL_LETTER_SING
E784	UNIFON_SMALL_LETTER_GOT
E785	UNIFON_SMALL_LETTER_OVER
E786	UNIFON_SMALL_LETTER_BOOK
E787	UNIFON_SMALL_LETTER_NOW
E788	UNIFON_SMALL_LETTER_TOY
E789	UNIFON_SMALL_LETTER_PUN
E78A	UNIFON_SMALL_LETTER_RUN
E78B	UNIFON_SMALL_LETTER_SUN
E78C	UNIFON_SMALL_LETTER_SHUN
E78D	UNIFON_SMALL_LETTER_TON
E78E	UNIFON_SMALL_LETTER_THE
E78F	UNIFON_SMALL_LETTER_THING
E790	UNIFON_SMALL_LETTER_UP
E791	UNIFON_SMALL_LETTER_DO
E792	UNIFON_SMALL_LETTER_YOU
E793	UNIFON_SMALL_LETTER_VERY
E794	UNIFON_SMALL_LETTER_WIT
E795	UNIFON_SMALL_LETTER_VISION
E796	UNIFON_SMALL_LETTER_YES
E797	UNIFON_SMALL_LETTER_ZEBRA
