NAME	Voynich 101 Symbol
COMMENT	The Voynich script is encoded in the Microsoft Windows symbol font area (code points U+F020-U+F0FF) according to the Voynich 101 encoding.
F021	VOYNICH_FF4C4
F023	VOYNICH_FF4C5
F024	VOYNICH_FF4A5
F025	VOYNICH_FF4C6
F026	VOYNICH_FF402
F028	VOYNICH_FF4AD
F02A	VOYNICH_FF40B
F02B	VOYNICH_FF4C7
F031	VOYNICH_FF4C0
F032	VOYNICH_FF4C1
F033	VOYNICH_FF4C2
F034	VOYNICH_FF41D
F035	VOYNICH_FF4C3
F036	VOYNICH_FF4A7
F037	VOYNICH_FF4A8
F038	VOYNICH_FF409
F039	VOYNICH_FF417
F041	VOYNICH_FF49A
F042	VOYNICH_FF50F
F043	VOYNICH_FF509
F044	VOYNICH_FF50D
F045	VOYNICH_FF40C
F046	VOYNICH_FF4E2
F047	VOYNICH_FF4E3
F048	VOYNICH_FF510
F049	VOYNICH_FF500
F04A	VOYNICH_FF4E4
F04B	VOYNICH_FF511
F04C	VOYNICH_FF512
F04D	VOYNICH_FF508
F04E	VOYNICH_FF401
F050	VOYNICH_FF503
F051	VOYNICH_FF41F
F052	VOYNICH_FF4E5
F053	VOYNICH_FF50A
F054	VOYNICH_FF4A2
F055	VOYNICH_FF4E6
F056	VOYNICH_FF4E7
F057	VOYNICH_FF4FF
F058	VOYNICH_FF44F
F059	VOYNICH_FF4A0
F05A	VOYNICH_FF506
F05C	VOYNICH_FF43C
F05E	VOYNICH_FF41B
F061	VOYNICH_FF410
F062	VOYNICH_FF48E
F063	VOYNICH_FF406
F064	VOYNICH_FF50B
F065	VOYNICH_FF41A
F066	VOYNICH_FF420
F067	VOYNICH_FF421
F068	VOYNICH_FF422
F069	VOYNICH_FF400
F06A	VOYNICH_FF4D9
F06B	VOYNICH_FF423
F06C	VOYNICH_FF513
F06D	VOYNICH_FF505
F06E	VOYNICH_FF501
F06F	VOYNICH_FF414
F070	VOYNICH_FF404
F071	VOYNICH_FF507
F072	VOYNICH_FF4E8
F073	VOYNICH_FF40A
F074	VOYNICH_FF4A1
F075	VOYNICH_FF4D8
F076	VOYNICH_FF4E9
F077	VOYNICH_FF4DA
F078	VOYNICH_FF460
F079	VOYNICH_FF403
F07A	VOYNICH_FF502
F07C	VOYNICH_FF43D
F095	VOYNICH_FF4EA
F096	VOYNICH_FF4EB
F097	VOYNICH_FF4EC
F099	VOYNICH_FF4ED
F09A	VOYNICH_FF49D
F09B	VOYNICH_FF49C
F09C	VOYNICH_FF47E
F09E	VOYNICH_FF4B0
F0A1	VOYNICH_FF4B1
F0A2	VOYNICH_FF4B2
F0A3	VOYNICH_FF4B3
F0A4	VOYNICH_FF4B4
F0A5	VOYNICH_FF4B5
F0A6	VOYNICH_FF463
F0A7	VOYNICH_FF47D
F0A8	VOYNICH_FF4B6
F0A9	VOYNICH_FF49B
F0AA	VOYNICH_FF443
F0AB	VOYNICH_FF48D
F0AC	VOYNICH_FF4B7
F0AD	VOYNICH_FF437
F0AE	VOYNICH_FF4B8
F0AF	VOYNICH_FF4B9
F0B0	VOYNICH_FF4BA
F0B1	VOYNICH_FF447
F0B2	VOYNICH_FF44A
F0B3	VOYNICH_FF4BB
F0B4	VOYNICH_FF4BC
F0B5	VOYNICH_FF504
F0B6	VOYNICH_FF4E0
F0B7	VOYNICH_FF4E1
F0B8	VOYNICH_FF499
F0B9	VOYNICH_FF4BE
F0BA	VOYNICH_FF4BF
F0BB	VOYNICH_FF46D
F0BC	VOYNICH_FF451
F0BD	VOYNICH_FF4BD
F0BE	VOYNICH_FF4AE
F0BF	VOYNICH_FF4AF
F0C0	VOYNICH_FF4A9
F0C1	VOYNICH_FF411
F0C2	VOYNICH_FF4AA
F0C3	VOYNICH_FF4AB
F0C4	VOYNICH_FF4AC
F0C5	VOYNICH_FF4A4
F0C6	VOYNICH_FF40F
F0C7	VOYNICH_FF43E
F0C8	VOYNICH_FF434
F0C9	VOYNICH_FF46A
F0CA	VOYNICH_FF440
F0CB	VOYNICH_FF441
F0CC	VOYNICH_FF469
F0CE	VOYNICH_FF4A6
F0CF	VOYNICH_FF408
F0D0	VOYNICH_FF4A3
F0D1	VOYNICH_FF50C
F0D2	VOYNICH_FF50E
F0D3	VOYNICH_FF4EE
F0D4	VOYNICH_FF4C8
F0D5	VOYNICH_FF4C9
F0D6	VOYNICH_FF4CA
F0D7	VOYNICH_FF4CB
F0D8	VOYNICH_FF4CC
F0D9	VOYNICH_FF4CD
F0DA	VOYNICH_FF4CE
F0DB	VOYNICH_FF4CF
F0DC	VOYNICH_FF4D0
F0DD	VOYNICH_FF4D1
F0DE	VOYNICH_FF4D2
F0DF	VOYNICH_FF4D3
F0E0	VOYNICH_FF4D4
F0E1	VOYNICH_FF4D5
F0E2	VOYNICH_FF4D6
F0E3	VOYNICH_FF4D7
F0E4	VOYNICH_FF4EF
F0E5	VOYNICH_FF514
F0E6	VOYNICH_FF515
F0E7	VOYNICH_FF516
F0E8	VOYNICH_FF517
F0E9	VOYNICH_FF4DB
F0EA	VOYNICH_FF4F0
F0EB	VOYNICH_FF4F1
F0EC	VOYNICH_FF46B
F0ED	VOYNICH_FF482
F0EE	VOYNICH_FF4F2
F0EF	VOYNICH_FF4F3
F0F0	VOYNICH_FF4F4
F0F1	VOYNICH_FF4F5
F0F2	VOYNICH_FF4DC
F0F3	VOYNICH_FF4F6
F0F4	VOYNICH_FF4DD
F0F5	VOYNICH_FF518
F0F6	VOYNICH_FF519
F0F7	VOYNICH_FF51A
F0F8	VOYNICH_FF4F7
F0F9	VOYNICH_FF51B
F0FA	VOYNICH_FF442
F0FB	VOYNICH_FF4DE
F0FC	VOYNICH_FF4DF
F0FD	VOYNICH_FF51C
F0FE	VOYNICH_FF51D
F0FF	VOYNICH_FF51E
