NAME	Voynich EVA Symbol
COMMENT	The Voynich script is encoded in the Microsoft Windows symbol font area (code points U+F020-U+F0FF) according to the Extensible Voynich Alphabet encoding.
F022	VOYNICH_FF431
F027	VOYNICH_FF430
F02A	VOYNICH_FF43F
F02B	VOYNICH_FF432
F041	VOYNICH_FF412
F045	VOYNICH_FF407
F046	VOYNICH_FF428
F048	VOYNICH_FF40E
F049	VOYNICH_FF405
F04B	VOYNICH_FF42A
F04F	VOYNICH_FF415
F050	VOYNICH_FF429
F053	VOYNICH_FF40D
F054	VOYNICH_FF42B
F059	VOYNICH_FF418
F061	VOYNICH_FF410
F062	VOYNICH_FF408
F063	VOYNICH_FF40C
F064	VOYNICH_FF409
F065	VOYNICH_FF406
F066	VOYNICH_FF420
F067	VOYNICH_FF40B
F068	VOYNICH_FF40F
F069	VOYNICH_FF400
F06A	VOYNICH_FF402
F06B	VOYNICH_FF422
F06C	VOYNICH_FF41A
F06D	VOYNICH_FF404
F06E	VOYNICH_FF401
F06F	VOYNICH_FF414
F070	VOYNICH_FF421
F071	VOYNICH_FF41D
F072	VOYNICH_FF403
F073	VOYNICH_FF40A
F074	VOYNICH_FF423
F075	VOYNICH_FF411
F076	VOYNICH_FF41B
F078	VOYNICH_FF41C
F079	VOYNICH_FF417
F07A	VOYNICH_FF41E
F082	VOYNICH_FF442
F083	VOYNICH_FF443
F084	VOYNICH_FF444
F085	VOYNICH_FF445
F086	VOYNICH_FF446
F087	VOYNICH_FF447
F088	VOYNICH_FF448
F089	VOYNICH_FF449
F08A	VOYNICH_FF44A
F08B	VOYNICH_FF44B
F08C	VOYNICH_FF44C
F08D	VOYNICH_FF44D
F08E	VOYNICH_FF44E
F08F	VOYNICH_FF44F
F090	VOYNICH_FF450
F091	VOYNICH_FF451
F092	VOYNICH_FF452
F093	VOYNICH_FF453
F094	VOYNICH_FF454
F095	VOYNICH_FF455
F096	VOYNICH_FF456
F097	VOYNICH_FF457
F098	VOYNICH_FF458
F099	VOYNICH_FF459
F09A	VOYNICH_FF45A
F09B	VOYNICH_FF45B
F09C	VOYNICH_FF45C
F09D	VOYNICH_FF45D
F09E	VOYNICH_FF45E
F09F	VOYNICH_FF45F
F0A1	VOYNICH_FF461
F0A2	VOYNICH_FF462
F0A3	VOYNICH_FF463
F0A4	VOYNICH_FF464
F0A5	VOYNICH_FF465
F0A6	VOYNICH_FF466
F0A7	VOYNICH_FF467
F0A8	VOYNICH_FF468
F0A9	VOYNICH_FF469
F0AA	VOYNICH_FF46A
F0AB	VOYNICH_FF46B
F0AC	VOYNICH_FF46C
F0AD	VOYNICH_FF46D
F0AE	VOYNICH_FF46E
F0AF	VOYNICH_FF46F
F0B0	VOYNICH_FF470
F0B1	VOYNICH_FF471
F0B2	VOYNICH_FF472
F0B3	VOYNICH_FF473
F0B4	VOYNICH_FF474
F0B5	VOYNICH_FF475
F0B6	VOYNICH_FF476
F0B7	VOYNICH_FF477
F0B8	VOYNICH_FF478
F0B9	VOYNICH_FF479
F0BA	VOYNICH_FF47A
F0BB	VOYNICH_FF47B
F0BC	VOYNICH_FF47C
F0BD	VOYNICH_FF47D
F0BE	VOYNICH_FF47E
F0BF	VOYNICH_FF47F
F0C0	VOYNICH_FF480
F0C1	VOYNICH_FF481
F0C2	VOYNICH_FF482
F0C3	VOYNICH_FF483
F0C4	VOYNICH_FF484
F0C5	VOYNICH_FF485
F0C6	VOYNICH_FF486
F0C7	VOYNICH_FF487
F0C8	VOYNICH_FF488
F0C9	VOYNICH_FF489
F0CA	VOYNICH_FF48A
F0CB	VOYNICH_FF48B
F0CC	VOYNICH_FF48C
F0CE	VOYNICH_FF48E
F0CF	VOYNICH_FF48F
F0D0	VOYNICH_FF490
F0D1	VOYNICH_FF491
F0D2	VOYNICH_FF492
F0D3	VOYNICH_FF493
F0D4	VOYNICH_FF494
F0D5	VOYNICH_FF495
F0D6	VOYNICH_FF496
F0D7	VOYNICH_FF497
F0D8	VOYNICH_FF498
F0FC	VOYNICH_FF49C
F0FD	VOYNICH_FF49D
F0FE	VOYNICH_FF49E
F0FF	VOYNICH_FF49F
