NAME	Voynich PUA
ALIAS	Voynich Unicode
COMMENT	The Voynich script is encoded in Supplementary Private Use Area A at code points U+FF400-U+FF51F as assigned in the Voynich Unicode font.
FF400	VOYNICH_FF400
FF401	VOYNICH_FF401
FF402	VOYNICH_FF402
FF403	VOYNICH_FF403
FF404	VOYNICH_FF404
FF405	VOYNICH_FF405
FF406	VOYNICH_FF406
FF407	VOYNICH_FF407
FF408	VOYNICH_FF408
FF409	VOYNICH_FF409
FF40A	VOYNICH_FF40A
FF40B	VOYNICH_FF40B
FF40C	VOYNICH_FF40C
FF40D	VOYNICH_FF40D
FF40E	VOYNICH_FF40E
FF40F	VOYNICH_FF40F
FF410	VOYNICH_FF410
FF411	VOYNICH_FF411
FF412	VOYNICH_FF412
FF413	VOYNICH_FF413
FF414	VOYNICH_FF414
FF415	VOYNICH_FF415
FF416	VOYNICH_FF416
FF417	VOYNICH_FF417
FF418	VOYNICH_FF418
FF419	VOYNICH_FF419
FF41A	VOYNICH_FF41A
FF41B	VOYNICH_FF41B
FF41C	VOYNICH_FF41C
FF41D	VOYNICH_FF41D
FF41E	VOYNICH_FF41E
FF41F	VOYNICH_FF41F
FF420	VOYNICH_FF420
FF421	VOYNICH_FF421
FF422	VOYNICH_FF422
FF423	VOYNICH_FF423
FF424	VOYNICH_FF424
FF425	VOYNICH_FF425
FF426	VOYNICH_FF426
FF427	VOYNICH_FF427
FF428	VOYNICH_FF428
FF429	VOYNICH_FF429
FF42A	VOYNICH_FF42A
FF42B	VOYNICH_FF42B
FF42C	VOYNICH_FF42C
FF42D	VOYNICH_FF42D
FF42E	VOYNICH_FF42E
FF42F	VOYNICH_FF42F
FF430	VOYNICH_FF430
FF431	VOYNICH_FF431
FF432	VOYNICH_FF432
FF433	VOYNICH_FF433
FF434	VOYNICH_FF434
FF435	VOYNICH_FF435
FF436	VOYNICH_FF436
FF437	VOYNICH_FF437
FF438	VOYNICH_FF438
FF439	VOYNICH_FF439
FF43A	VOYNICH_FF43A
FF43B	VOYNICH_FF43B
FF43C	VOYNICH_FF43C
FF43D	VOYNICH_FF43D
FF43E	VOYNICH_FF43E
FF43F	VOYNICH_FF43F
FF440	VOYNICH_FF440
FF441	VOYNICH_FF441
FF442	VOYNICH_FF442
FF443	VOYNICH_FF443
FF444	VOYNICH_FF444
FF445	VOYNICH_FF445
FF446	VOYNICH_FF446
FF447	VOYNICH_FF447
FF448	VOYNICH_FF448
FF449	VOYNICH_FF449
FF44A	VOYNICH_FF44A
FF44B	VOYNICH_FF44B
FF44C	VOYNICH_FF44C
FF44D	VOYNICH_FF44D
FF44E	VOYNICH_FF44E
FF44F	VOYNICH_FF44F
FF450	VOYNICH_FF450
FF451	VOYNICH_FF451
FF452	VOYNICH_FF452
FF453	VOYNICH_FF453
FF454	VOYNICH_FF454
FF455	VOYNICH_FF455
FF456	VOYNICH_FF456
FF457	VOYNICH_FF457
FF458	VOYNICH_FF458
FF459	VOYNICH_FF459
FF45A	VOYNICH_FF45A
FF45B	VOYNICH_FF45B
FF45C	VOYNICH_FF45C
FF45D	VOYNICH_FF45D
FF45E	VOYNICH_FF45E
FF45F	VOYNICH_FF45F
FF460	VOYNICH_FF460
FF461	VOYNICH_FF461
FF462	VOYNICH_FF462
FF463	VOYNICH_FF463
FF464	VOYNICH_FF464
FF465	VOYNICH_FF465
FF466	VOYNICH_FF466
FF467	VOYNICH_FF467
FF468	VOYNICH_FF468
FF469	VOYNICH_FF469
FF46A	VOYNICH_FF46A
FF46B	VOYNICH_FF46B
FF46C	VOYNICH_FF46C
FF46D	VOYNICH_FF46D
FF46E	VOYNICH_FF46E
FF46F	VOYNICH_FF46F
FF470	VOYNICH_FF470
FF471	VOYNICH_FF471
FF472	VOYNICH_FF472
FF473	VOYNICH_FF473
FF474	VOYNICH_FF474
FF475	VOYNICH_FF475
FF476	VOYNICH_FF476
FF477	VOYNICH_FF477
FF478	VOYNICH_FF478
FF479	VOYNICH_FF479
FF47A	VOYNICH_FF47A
FF47B	VOYNICH_FF47B
FF47C	VOYNICH_FF47C
FF47D	VOYNICH_FF47D
FF47E	VOYNICH_FF47E
FF47F	VOYNICH_FF47F
FF480	VOYNICH_FF480
FF481	VOYNICH_FF481
FF482	VOYNICH_FF482
FF483	VOYNICH_FF483
FF484	VOYNICH_FF484
FF485	VOYNICH_FF485
FF486	VOYNICH_FF486
FF487	VOYNICH_FF487
FF488	VOYNICH_FF488
FF489	VOYNICH_FF489
FF48A	VOYNICH_FF48A
FF48B	VOYNICH_FF48B
FF48C	VOYNICH_FF48C
FF48D	VOYNICH_FF48D
FF48E	VOYNICH_FF48E
FF48F	VOYNICH_FF48F
FF490	VOYNICH_FF490
FF491	VOYNICH_FF491
FF492	VOYNICH_FF492
FF493	VOYNICH_FF493
FF494	VOYNICH_FF494
FF495	VOYNICH_FF495
FF496	VOYNICH_FF496
FF497	VOYNICH_FF497
FF498	VOYNICH_FF498
FF499	VOYNICH_FF499
FF49A	VOYNICH_FF49A
FF49B	VOYNICH_FF49B
FF49C	VOYNICH_FF49C
FF49D	VOYNICH_FF49D
FF49E	VOYNICH_FF49E
FF49F	VOYNICH_FF49F
FF4A0	VOYNICH_FF4A0
FF4A1	VOYNICH_FF4A1
FF4A2	VOYNICH_FF4A2
FF4A3	VOYNICH_FF4A3
FF4A4	VOYNICH_FF4A4
FF4A5	VOYNICH_FF4A5
FF4A6	VOYNICH_FF4A6
FF4A7	VOYNICH_FF4A7
FF4A8	VOYNICH_FF4A8
FF4A9	VOYNICH_FF4A9
FF4AA	VOYNICH_FF4AA
FF4AB	VOYNICH_FF4AB
FF4AC	VOYNICH_FF4AC
FF4AD	VOYNICH_FF4AD
FF4AE	VOYNICH_FF4AE
FF4AF	VOYNICH_FF4AF
FF4B0	VOYNICH_FF4B0
FF4B1	VOYNICH_FF4B1
FF4B2	VOYNICH_FF4B2
FF4B3	VOYNICH_FF4B3
FF4B4	VOYNICH_FF4B4
FF4B5	VOYNICH_FF4B5
FF4B6	VOYNICH_FF4B6
FF4B7	VOYNICH_FF4B7
FF4B8	VOYNICH_FF4B8
FF4B9	VOYNICH_FF4B9
FF4BA	VOYNICH_FF4BA
FF4BB	VOYNICH_FF4BB
FF4BC	VOYNICH_FF4BC
FF4BD	VOYNICH_FF4BD
FF4BE	VOYNICH_FF4BE
FF4BF	VOYNICH_FF4BF
FF4C0	VOYNICH_FF4C0
FF4C1	VOYNICH_FF4C1
FF4C2	VOYNICH_FF4C2
FF4C3	VOYNICH_FF4C3
FF4C4	VOYNICH_FF4C4
FF4C5	VOYNICH_FF4C5
FF4C6	VOYNICH_FF4C6
FF4C7	VOYNICH_FF4C7
FF4C8	VOYNICH_FF4C8
FF4C9	VOYNICH_FF4C9
FF4CA	VOYNICH_FF4CA
FF4CB	VOYNICH_FF4CB
FF4CC	VOYNICH_FF4CC
FF4CD	VOYNICH_FF4CD
FF4CE	VOYNICH_FF4CE
FF4CF	VOYNICH_FF4CF
FF4D0	VOYNICH_FF4D0
FF4D1	VOYNICH_FF4D1
FF4D2	VOYNICH_FF4D2
FF4D3	VOYNICH_FF4D3
FF4D4	VOYNICH_FF4D4
FF4D5	VOYNICH_FF4D5
FF4D6	VOYNICH_FF4D6
FF4D7	VOYNICH_FF4D7
FF4D8	VOYNICH_FF4D8
FF4D9	VOYNICH_FF4D9
FF4DA	VOYNICH_FF4DA
FF4DB	VOYNICH_FF4DB
FF4DC	VOYNICH_FF4DC
FF4DD	VOYNICH_FF4DD
FF4DE	VOYNICH_FF4DE
FF4DF	VOYNICH_FF4DF
FF4E0	VOYNICH_FF4E0
FF4E1	VOYNICH_FF4E1
FF4E2	VOYNICH_FF4E2
FF4E3	VOYNICH_FF4E3
FF4E4	VOYNICH_FF4E4
FF4E5	VOYNICH_FF4E5
FF4E6	VOYNICH_FF4E6
FF4E7	VOYNICH_FF4E7
FF4E8	VOYNICH_FF4E8
FF4E9	VOYNICH_FF4E9
FF4EA	VOYNICH_FF4EA
FF4EB	VOYNICH_FF4EB
FF4EC	VOYNICH_FF4EC
FF4ED	VOYNICH_FF4ED
FF4EE	VOYNICH_FF4EE
FF4EF	VOYNICH_FF4EF
FF4F0	VOYNICH_FF4F0
FF4F1	VOYNICH_FF4F1
FF4F2	VOYNICH_FF4F2
FF4F3	VOYNICH_FF4F3
FF4F4	VOYNICH_FF4F4
FF4F5	VOYNICH_FF4F5
FF4F6	VOYNICH_FF4F6
FF4F7	VOYNICH_FF4F7
FF4F8	VOYNICH_FF4F8
FF4F9	VOYNICH_FF4F9
FF4FA	VOYNICH_FF4FA
FF4FB	VOYNICH_FF4FB
FF4FC	VOYNICH_FF4FC
FF4FD	VOYNICH_FF4FD
FF4FE	VOYNICH_FF4FE
FF4FF	VOYNICH_FF4FF
FF500	VOYNICH_FF500
FF501	VOYNICH_FF501
FF502	VOYNICH_FF502
FF503	VOYNICH_FF503
FF504	VOYNICH_FF504
FF505	VOYNICH_FF505
FF506	VOYNICH_FF506
FF507	VOYNICH_FF507
FF508	VOYNICH_FF508
FF509	VOYNICH_FF509
FF50A	VOYNICH_FF50A
FF50B	VOYNICH_FF50B
FF50C	VOYNICH_FF50C
FF50D	VOYNICH_FF50D
FF50E	VOYNICH_FF50E
FF50F	VOYNICH_FF50F
FF510	VOYNICH_FF510
FF511	VOYNICH_FF511
FF512	VOYNICH_FF512
FF513	VOYNICH_FF513
FF514	VOYNICH_FF514
FF515	VOYNICH_FF515
FF516	VOYNICH_FF516
FF517	VOYNICH_FF517
FF518	VOYNICH_FF518
FF519	VOYNICH_FF519
FF51A	VOYNICH_FF51A
FF51B	VOYNICH_FF51B
FF51C	VOYNICH_FF51C
FF51D	VOYNICH_FF51D
FF51E	VOYNICH_FF51E
FF51F	VOYNICH_FF51F
