NAME	Wanya 2012-07
ALIAS	Wanya 07-2012
ALIAS	Wanya 2012 July
ALIAS	Wanya July 2012
COMMENT	The Wanya script is encoded at code points U+E6D0-U+E71F using the original encoding from July 2012.
E6D0	WANYA_CAPITAL_LETTER_B
E6D1	WANYA_CAPITAL_LETTER_D
E6D2	WANYA_CAPITAL_LETTER_G
E6D3	WANYA_CAPITAL_LETTER_W
E6D4	WANYA_CAPITAL_LETTER_LL
E6D5	WANYA_CAPITAL_LETTER_J
E6D6	WANYA_CAPITAL_LETTER_P
E6D7	WANYA_CAPITAL_LETTER_T
E6D8	WANYA_CAPITAL_LETTER_K
E6D9	WANYA_CAPITAL_LETTER_DD
E6DA	WANYA_CAPITAL_LETTER_L
E6DB	WANYA_CAPITAL_LETTER_Y
E6DC	WANYA_CAPITAL_LETTER_I
E6DD	WANYA_CAPITAL_LETTER_X
E6DE	WANYA_CAPITAL_LETTER_U
E6DF	WANYA_EQUALS_SIGN
E6E0	WANYA_CAPITAL_LETTER_BB
E6E1	WANYA_CAPITAL_LETTER_RR
E6E2	WANYA_CAPITAL_LETTER_R
E6E3	WANYA_CAPITAL_LETTER_V
E6E4	WANYA_CAPITAL_LETTER_Z
E6E5	WANYA_CAPITAL_LETTER_GG
E6E6	WANYA_CAPITAL_LETTER_M
E6E7	WANYA_CAPITAL_LETTER_N
E6E8	WANYA_CAPITAL_LETTER_NN
E6E9	WANYA_CAPITAL_LETTER_F
E6EA	WANYA_CAPITAL_LETTER_S
E6EB	WANYA_CAPITAL_LETTER_KK
E6EC	WANYA_CAPITAL_LETTER_E
E6ED	WANYA_CAPITAL_LETTER_A
E6EE	WANYA_CAPITAL_LETTER_O
E6EF	WANYA_NUMERAL_SIGN
E6F0	WANYA_SMALL_LETTER_B
E6F1	WANYA_SMALL_LETTER_D
E6F2	WANYA_SMALL_LETTER_G
E6F3	WANYA_SMALL_LETTER_W
E6F4	WANYA_SMALL_LETTER_LL
E6F5	WANYA_SMALL_LETTER_J
E6F6	WANYA_SMALL_LETTER_P
E6F7	WANYA_SMALL_LETTER_T
E6F8	WANYA_SMALL_LETTER_K
E6F9	WANYA_SMALL_LETTER_DD
E6FA	WANYA_SMALL_LETTER_L
E6FB	WANYA_SMALL_LETTER_Y
E6FC	WANYA_SMALL_LETTER_I
E6FD	WANYA_SMALL_LETTER_X
E6FE	WANYA_SMALL_LETTER_U
E6FF	WANYA_COMMA
E700	WANYA_SMALL_LETTER_BB
E701	WANYA_SMALL_LETTER_RR
E702	WANYA_SMALL_LETTER_R
E703	WANYA_SMALL_LETTER_V
E704	WANYA_SMALL_LETTER_Z
E705	WANYA_SMALL_LETTER_GG
E706	WANYA_SMALL_LETTER_M
E707	WANYA_SMALL_LETTER_N
E708	WANYA_SMALL_LETTER_NN
E709	WANYA_SMALL_LETTER_F
E70A	WANYA_SMALL_LETTER_S
E70B	WANYA_SMALL_LETTER_KK
E70C	WANYA_SMALL_LETTER_E
E70D	WANYA_SMALL_LETTER_A
E70E	WANYA_SMALL_LETTER_O
E70F	WANYA_LEFT_QUOTATION_MARK
E710	WANYA_CAPITAL_LETTER_DIPHTHONG_I
E711	WANYA_CAPITAL_LETTER_DIPHTHONG_X
E712	WANYA_CAPITAL_LETTER_DIPHTHONG_U
E713	WANYA_CAPITAL_LETTER_DIPHTHONG_E
E714	WANYA_CAPITAL_LETTER_DIPHTHONG_A
E715	WANYA_CAPITAL_LETTER_DIPHTHONG_O
E716	WANYA_SMALL_LETTER_DIPHTHONG_I
E717	WANYA_SMALL_LETTER_DIPHTHONG_X
E718	WANYA_SMALL_LETTER_DIPHTHONG_U
E719	WANYA_SMALL_LETTER_DIPHTHONG_E
E71A	WANYA_SMALL_LETTER_DIPHTHONG_A
E71B	WANYA_SMALL_LETTER_DIPHTHONG_O
E71C	WANYA_SMALL_LETTER_X_WITH_ACCENT_MARK
E71D	WANYA_SMALL_LETTER_X_WITH_LLXTEK
E71E	WANYA_PAUSE_SIGN
E71F	WANYA_RIGHT_QUOTATION_MARK
