NAME	Wanya Romanized
COMMENT	The Wanya script is encoded using equivalent Latin characters.
MAP	0411	WANYA_CAPITAL_LETTER_B
MAP	0044	WANYA_CAPITAL_LETTER_D
MAP	0047	WANYA_CAPITAL_LETTER_G
MAP	0057	WANYA_CAPITAL_LETTER_W
MAP	042F	WANYA_CAPITAL_LETTER_LL
MAP	0059	WANYA_CAPITAL_LETTER_J
MAP	0050	WANYA_CAPITAL_LETTER_P
MAP	0054	WANYA_CAPITAL_LETTER_T
MAP	004B	WANYA_CAPITAL_LETTER_K
MAP	0394	WANYA_CAPITAL_LETTER_DD
MAP	004C	WANYA_CAPITAL_LETTER_L
MAP	039B	WANYA_CAPITAL_LETTER_Y
MAP	0049	WANYA_CAPITAL_LETTER_I
MAP	018E	WANYA_CAPITAL_LETTER_X
MAP	0055	WANYA_CAPITAL_LETTER_U
MAP	003D	WANYA_EQUALS_SIGN
MAP	0042	WANYA_CAPITAL_LETTER_BB
MAP	0052	WANYA_CAPITAL_LETTER_RR
MAP	A75A	WANYA_CAPITAL_LETTER_R
MAP	0056	WANYA_CAPITAL_LETTER_V
MAP	005A	WANYA_CAPITAL_LETTER_Z
MAP	0393	WANYA_CAPITAL_LETTER_GG
MAP	004D	WANYA_CAPITAL_LETTER_M
MAP	004E	WANYA_CAPITAL_LETTER_N
MAP	014A	WANYA_CAPITAL_LETTER_NN
MAP	0046	WANYA_CAPITAL_LETTER_F
MAP	0053	WANYA_CAPITAL_LETTER_S
MAP	0058	WANYA_CAPITAL_LETTER_KK
MAP	0045	WANYA_CAPITAL_LETTER_E
MAP	0041	WANYA_CAPITAL_LETTER_A
MAP	004F	WANYA_CAPITAL_LETTER_O
MAP	005F	WANYA_PAUSE_SIGN
MAP	0062	WANYA_SMALL_LETTER_B
MAP	0064	WANYA_SMALL_LETTER_D
MAP	0067	WANYA_SMALL_LETTER_G
MAP	0077	WANYA_SMALL_LETTER_W
MAP	0279	WANYA_SMALL_LETTER_LL
MAP	0079	WANYA_SMALL_LETTER_J
MAP	0070	WANYA_SMALL_LETTER_P
MAP	0074	WANYA_SMALL_LETTER_T
MAP	006B	WANYA_SMALL_LETTER_K
MAP	03B4	WANYA_SMALL_LETTER_DD
MAP	006C	WANYA_SMALL_LETTER_L
MAP	03BB	WANYA_SMALL_LETTER_Y
MAP	0069	WANYA_SMALL_LETTER_I
MAP	0259	WANYA_SMALL_LETTER_X
MAP	0075	WANYA_SMALL_LETTER_U
MAP	002C	WANYA_COMMA
MAP	03B2	WANYA_SMALL_LETTER_BB
MAP	0072	WANYA_SMALL_LETTER_RR
MAP	A75B	WANYA_SMALL_LETTER_R
MAP	0076	WANYA_SMALL_LETTER_V
MAP	007A	WANYA_SMALL_LETTER_Z
MAP	03B3	WANYA_SMALL_LETTER_GG
MAP	006D	WANYA_SMALL_LETTER_M
MAP	006E	WANYA_SMALL_LETTER_N
MAP	014B	WANYA_SMALL_LETTER_NN
MAP	0066	WANYA_SMALL_LETTER_F
MAP	0073	WANYA_SMALL_LETTER_S
MAP	0078	WANYA_SMALL_LETTER_KK
MAP	0065	WANYA_SMALL_LETTER_E
MAP	0061	WANYA_SMALL_LETTER_A
MAP	006F	WANYA_SMALL_LETTER_O
MAP	005B	WANYA_LEFT_QUOTATION_MARK
MAP	0028 0049 0029	WANYA_CAPITAL_LETTER_DIPHTHONG_I
MAP	0028 018E 0029	WANYA_CAPITAL_LETTER_DIPHTHONG_X
MAP	0028 0055 0029	WANYA_CAPITAL_LETTER_DIPHTHONG_U
MAP	0028 0045 0029	WANYA_CAPITAL_LETTER_DIPHTHONG_E
MAP	0028 0041 0029	WANYA_CAPITAL_LETTER_DIPHTHONG_A
MAP	0028 004F 0029	WANYA_CAPITAL_LETTER_DIPHTHONG_O
MAP	0028 0069 0029	WANYA_SMALL_LETTER_DIPHTHONG_I
MAP	0028 0259 0029	WANYA_SMALL_LETTER_DIPHTHONG_X
MAP	0028 0075 0029	WANYA_SMALL_LETTER_DIPHTHONG_U
MAP	0028 0065 0029	WANYA_SMALL_LETTER_DIPHTHONG_E
MAP	0028 0061 0029	WANYA_SMALL_LETTER_DIPHTHONG_A
MAP	0028 006F 0029	WANYA_SMALL_LETTER_DIPHTHONG_O
MAP	0301	WANYA_COMBINING_ACCENT_MARK
MAP	0308	WANYA_COMBINING_DIAERESIS
MAP	0303	WANYA_COMBINING_TXDEINYO
MAP	005D	WANYA_RIGHT_QUOTATION_MARK
MAP	0023	WANYA_NUMBER_SIGN
MAP	0024	WANYA_UNIT_SYMBOL_SOL
