NAME	Wanya 2012-12
ALIAS	Wanya 12-2012
ALIAS	Wanya 2012 Dec
ALIAS	Wanya Dec 2012
ALIAS	Wanya 2012 December
ALIAS	Wanya December 2012
COMMENT	The Wanya script is encoded at code points U+EAA0-U+EAFF using the revised encoding from December 2012.
EAA0	WANYA_CAPITAL_LETTER_B
EAA1	WANYA_CAPITAL_LETTER_D
EAA2	WANYA_CAPITAL_LETTER_G
EAA3	WANYA_CAPITAL_LETTER_W
EAA4	WANYA_CAPITAL_LETTER_LL
EAA5	WANYA_CAPITAL_LETTER_J
EAA6	WANYA_CAPITAL_LETTER_P
EAA7	WANYA_CAPITAL_LETTER_T
EAA8	WANYA_CAPITAL_LETTER_K
EAA9	WANYA_CAPITAL_LETTER_DD
EAAA	WANYA_CAPITAL_LETTER_L
EAAB	WANYA_CAPITAL_LETTER_Y
EAAC	WANYA_CAPITAL_LETTER_I
EAAD	WANYA_CAPITAL_LETTER_X
EAAE	WANYA_CAPITAL_LETTER_U
EAAF	WANYA_EQUALS_SIGN
EAB0	WANYA_CAPITAL_LETTER_BB
EAB1	WANYA_CAPITAL_LETTER_RR
EAB2	WANYA_CAPITAL_LETTER_R
EAB3	WANYA_CAPITAL_LETTER_V
EAB4	WANYA_CAPITAL_LETTER_Z
EAB5	WANYA_CAPITAL_LETTER_GG
EAB6	WANYA_CAPITAL_LETTER_M
EAB7	WANYA_CAPITAL_LETTER_N
EAB8	WANYA_CAPITAL_LETTER_NN
EAB9	WANYA_CAPITAL_LETTER_F
EABA	WANYA_CAPITAL_LETTER_S
EABB	WANYA_CAPITAL_LETTER_KK
EABC	WANYA_CAPITAL_LETTER_E
EABD	WANYA_CAPITAL_LETTER_A
EABE	WANYA_CAPITAL_LETTER_O
EABF	WANYA_PAUSE_SIGN
EAC0	WANYA_SMALL_LETTER_B
EAC1	WANYA_SMALL_LETTER_D
EAC2	WANYA_SMALL_LETTER_G
EAC3	WANYA_SMALL_LETTER_W
EAC4	WANYA_SMALL_LETTER_LL
EAC5	WANYA_SMALL_LETTER_J
EAC6	WANYA_SMALL_LETTER_P
EAC7	WANYA_SMALL_LETTER_T
EAC8	WANYA_SMALL_LETTER_K
EAC9	WANYA_SMALL_LETTER_DD
EACA	WANYA_SMALL_LETTER_L
EACB	WANYA_SMALL_LETTER_Y
EACC	WANYA_SMALL_LETTER_I
EACD	WANYA_SMALL_LETTER_X
EACE	WANYA_SMALL_LETTER_U
EACF	WANYA_COMMA
EAD0	WANYA_SMALL_LETTER_BB
EAD1	WANYA_SMALL_LETTER_RR
EAD2	WANYA_SMALL_LETTER_R
EAD3	WANYA_SMALL_LETTER_V
EAD4	WANYA_SMALL_LETTER_Z
EAD5	WANYA_SMALL_LETTER_GG
EAD6	WANYA_SMALL_LETTER_M
EAD7	WANYA_SMALL_LETTER_N
EAD8	WANYA_SMALL_LETTER_NN
EAD9	WANYA_SMALL_LETTER_F
EADA	WANYA_SMALL_LETTER_S
EADB	WANYA_SMALL_LETTER_KK
EADC	WANYA_SMALL_LETTER_E
EADD	WANYA_SMALL_LETTER_A
EADE	WANYA_SMALL_LETTER_O
EADF	WANYA_LEFT_QUOTATION_MARK
EAE0	WANYA_CAPITAL_LETTER_DIPHTHONG_I
EAE1	WANYA_CAPITAL_LETTER_DIPHTHONG_X
EAE2	WANYA_CAPITAL_LETTER_DIPHTHONG_U
EAE3	WANYA_CAPITAL_LETTER_DIPHTHONG_E
EAE4	WANYA_CAPITAL_LETTER_DIPHTHONG_A
EAE5	WANYA_CAPITAL_LETTER_DIPHTHONG_O
EAE6	WANYA_SMALL_LETTER_DIPHTHONG_I
EAE7	WANYA_SMALL_LETTER_DIPHTHONG_X
EAE8	WANYA_SMALL_LETTER_DIPHTHONG_U
EAE9	WANYA_SMALL_LETTER_DIPHTHONG_E
EAEA	WANYA_SMALL_LETTER_DIPHTHONG_A
EAEB	WANYA_SMALL_LETTER_DIPHTHONG_O
EAEC	WANYA_COMBINING_ACCENT_MARK
EAED	WANYA_COMBINING_DIAERESIS
EAEE	WANYA_COMBINING_TXDEINYO
EAEF	WANYA_RIGHT_QUOTATION_MARK
EAF0	WANYA_NUMBER_SIGN
EAF1	WANYA_UNIT_SYMBOL_SOL
EAF2
EAF3
EAF4
EAF5
EAF6
EAF7
EAF8
EAF9
EAFA
EAFB
EAFC
EAFD
EAFE
EAFF
